Archive member included to satisfy reference by file (symbol)

C:/ST/STM32CubeIDE_1.19.0/STM32CubeIDE/plugins/com.st.stm32cube.ide.mcu.externaltools.gnu-tools-for-stm32.13.3.rel1.win32_1.0.0.202411081344/tools/bin/../lib/gcc/arm-none-eabi/13.3.1/../../../../arm-none-eabi/lib/thumb/v7e-m+dp/hard\libc_nano.a(libc_a-exit.o)
                              C:/ST/STM32CubeIDE_1.19.0/STM32CubeIDE/plugins/com.st.stm32cube.ide.mcu.externaltools.gnu-tools-for-stm32.13.3.rel1.win32_1.0.0.202411081344/tools/bin/../lib/gcc/arm-none-eabi/13.3.1/../../../../arm-none-eabi/lib/thumb/v7e-m+dp/hard/crt0.o (exit)
C:/ST/STM32CubeIDE_1.19.0/STM32CubeIDE/plugins/com.st.stm32cube.ide.mcu.externaltools.gnu-tools-for-stm32.13.3.rel1.win32_1.0.0.202411081344/tools/bin/../lib/gcc/arm-none-eabi/13.3.1/../../../../arm-none-eabi/lib/thumb/v7e-m+dp/hard\libc_nano.a(libc_a-malloc.o)
                              ./Middlewares/FatFs/Options/syscall.o (malloc)
C:/ST/STM32CubeIDE_1.19.0/STM32CubeIDE/plugins/com.st.stm32cube.ide.mcu.externaltools.gnu-tools-for-stm32.13.3.rel1.win32_1.0.0.202411081344/tools/bin/../lib/gcc/arm-none-eabi/13.3.1/../../../../arm-none-eabi/lib/thumb/v7e-m+dp/hard\libc_nano.a(libc_a-mallocr.o)
                              C:/ST/STM32CubeIDE_1.19.0/STM32CubeIDE/plugins/com.st.stm32cube.ide.mcu.externaltools.gnu-tools-for-stm32.13.3.rel1.win32_1.0.0.202411081344/tools/bin/../lib/gcc/arm-none-eabi/13.3.1/../../../../arm-none-eabi/lib/thumb/v7e-m+dp/hard\libc_nano.a(libc_a-malloc.o) (_malloc_r)
C:/ST/STM32CubeIDE_1.19.0/STM32CubeIDE/plugins/com.st.stm32cube.ide.mcu.externaltools.gnu-tools-for-stm32.13.3.rel1.win32_1.0.0.202411081344/tools/bin/../lib/gcc/arm-none-eabi/13.3.1/../../../../arm-none-eabi/lib/thumb/v7e-m+dp/hard\libc_nano.a(libc_a-mlock.o)
                              C:/ST/STM32CubeIDE_1.19.0/STM32CubeIDE/plugins/com.st.stm32cube.ide.mcu.externaltools.gnu-tools-for-stm32.13.3.rel1.win32_1.0.0.202411081344/tools/bin/../lib/gcc/arm-none-eabi/13.3.1/../../../../arm-none-eabi/lib/thumb/v7e-m+dp/hard\libc_nano.a(libc_a-mallocr.o) (__malloc_lock)
C:/ST/STM32CubeIDE_1.19.0/STM32CubeIDE/plugins/com.st.stm32cube.ide.mcu.externaltools.gnu-tools-for-stm32.13.3.rel1.win32_1.0.0.202411081344/tools/bin/../lib/gcc/arm-none-eabi/13.3.1/../../../../arm-none-eabi/lib/thumb/v7e-m+dp/hard\libc_nano.a(libc_a-findfp.o)
                              C:/ST/STM32CubeIDE_1.19.0/STM32CubeIDE/plugins/com.st.stm32cube.ide.mcu.externaltools.gnu-tools-for-stm32.13.3.rel1.win32_1.0.0.202411081344/tools/bin/../lib/gcc/arm-none-eabi/13.3.1/../../../../arm-none-eabi/lib/thumb/v7e-m+dp/hard\libc_nano.a(libc_a-exit.o) (__stdio_exit_handler)
C:/ST/STM32CubeIDE_1.19.0/STM32CubeIDE/plugins/com.st.stm32cube.ide.mcu.externaltools.gnu-tools-for-stm32.13.3.rel1.win32_1.0.0.202411081344/tools/bin/../lib/gcc/arm-none-eabi/13.3.1/../../../../arm-none-eabi/lib/thumb/v7e-m+dp/hard\libc_nano.a(libc_a-fwalk.o)
                              C:/ST/STM32CubeIDE_1.19.0/STM32CubeIDE/plugins/com.st.stm32cube.ide.mcu.externaltools.gnu-tools-for-stm32.13.3.rel1.win32_1.0.0.202411081344/tools/bin/../lib/gcc/arm-none-eabi/13.3.1/../../../../arm-none-eabi/lib/thumb/v7e-m+dp/hard\libc_nano.a(libc_a-findfp.o) (_fwalk_sglue)
C:/ST/STM32CubeIDE_1.19.0/STM32CubeIDE/plugins/com.st.stm32cube.ide.mcu.externaltools.gnu-tools-for-stm32.13.3.rel1.win32_1.0.0.202411081344/tools/bin/../lib/gcc/arm-none-eabi/13.3.1/../../../../arm-none-eabi/lib/thumb/v7e-m+dp/hard\libc_nano.a(libc_a-sprintf.o)
                              ./Example/User/CM7/main.o (sprintf)
C:/ST/STM32CubeIDE_1.19.0/STM32CubeIDE/plugins/com.st.stm32cube.ide.mcu.externaltools.gnu-tools-for-stm32.13.3.rel1.win32_1.0.0.202411081344/tools/bin/../lib/gcc/arm-none-eabi/13.3.1/../../../../arm-none-eabi/lib/thumb/v7e-m+dp/hard\libc_nano.a(libc_a-stdio.o)
                              C:/ST/STM32CubeIDE_1.19.0/STM32CubeIDE/plugins/com.st.stm32cube.ide.mcu.externaltools.gnu-tools-for-stm32.13.3.rel1.win32_1.0.0.202411081344/tools/bin/../lib/gcc/arm-none-eabi/13.3.1/../../../../arm-none-eabi/lib/thumb/v7e-m+dp/hard\libc_nano.a(libc_a-findfp.o) (__sread)
C:/ST/STM32CubeIDE_1.19.0/STM32CubeIDE/plugins/com.st.stm32cube.ide.mcu.externaltools.gnu-tools-for-stm32.13.3.rel1.win32_1.0.0.202411081344/tools/bin/../lib/gcc/arm-none-eabi/13.3.1/../../../../arm-none-eabi/lib/thumb/v7e-m+dp/hard\libc_nano.a(libc_a-memset.o)
                              C:/ST/STM32CubeIDE_1.19.0/STM32CubeIDE/plugins/com.st.stm32cube.ide.mcu.externaltools.gnu-tools-for-stm32.13.3.rel1.win32_1.0.0.202411081344/tools/bin/../lib/gcc/arm-none-eabi/13.3.1/../../../../arm-none-eabi/lib/thumb/v7e-m+dp/hard/crt0.o (memset)
C:/ST/STM32CubeIDE_1.19.0/STM32CubeIDE/plugins/com.st.stm32cube.ide.mcu.externaltools.gnu-tools-for-stm32.13.3.rel1.win32_1.0.0.202411081344/tools/bin/../lib/gcc/arm-none-eabi/13.3.1/../../../../arm-none-eabi/lib/thumb/v7e-m+dp/hard\libc_nano.a(libc_a-strrchr.o)
                              ./Example/User/CM7/main.o (strrchr)
[...]
Memory Configuration

Name             Origin             Length             Attributes
FLASH            0x08000000         0x00100000         xr
RAM              0x20000000         0x00020000         xrw
ITCMRAM          0x00000000         0x00010000         xrw
SDRAM            0xc0000000         0x02000000         xrw
*default*        0x00000000         0xffffffff

Linker script and memory map

LOAD C:/ST/STM32CubeIDE_1.19.0/STM32CubeIDE/plugins/com.st.stm32cube.ide.mcu.externaltools.gnu-tools-for-stm32.13.3.rel1.win32_1.0.0.202411081344/tools/bin/../lib/gcc/arm-none-eabi/13.3.1/thumb/v7e-m+dp/hard/crti.o
LOAD C:/ST/STM32CubeIDE_1.19.0/STM32CubeIDE/plugins/com.st.stm32cube.ide.mcu.externaltools.gnu-tools-for-stm32.13.3.rel1.win32_1.0.0.202411081344/tools/bin/../lib/gcc/arm-none-eabi/13.3.1/thumb/v7e-m+dp/hard/crtbegin.o
LOAD C:/ST/STM32CubeIDE_1.19.0/STM32CubeIDE/plugins/com.st.stm32cube.ide.mcu.externaltools.gnu-tools-for-stm32.13.3.rel1.win32_1.0.0.202411081344/tools/bin/../lib/gcc/arm-none-eabi/13.3.1/../../../../arm-none-eabi/lib/thumb/v7e-m+dp/hard/crt0.o
LOAD ./Drivers/BSP/Components/adv7533.o
LOAD ./Drivers/BSP/Components/is42s32800j.o
LOAD ./Drivers/BSP/Components/nt35510.o
LOAD ./Drivers/BSP/Components/nt35510_reg.o
LOAD ./Drivers/BSP/Components/otm8009a.o
LOAD ./Drivers/BSP/Components/otm8009a_reg.o
LOAD ./Drivers/BSP/STM32H747I_DISCO/stm32h747i_discovery.o
LOAD ./Drivers/BSP/STM32H747I_DISCO/stm32h747i_discovery_bus.o
LOAD ./Drivers/BSP/STM32H747I_DISCO/stm32h747i_discovery_lcd.o
LOAD ./Drivers/BSP/STM32H747I_DISCO/stm32h747i_discovery_sd.o
LOAD ./Drivers/BSP/STM32H747I_DISCO/stm32h747i_discovery_sdram.o
LOAD ./Drivers/CMSIS/system_stm32h7xx.o
LOAD ./Drivers/STM32H7xx_HAL_Driver/stm32h7xx_hal.o
LOAD ./Drivers/STM32H7xx_HAL_Driver/stm32h7xx_hal_adc.o
LOAD ./Drivers/STM32H7xx_HAL_Driver/stm32h7xx_hal_adc_ex.o
LOAD ./Drivers/STM32H7xx_HAL_Driver/stm32h7xx_hal_cortex.o
LOAD ./Drivers/STM32H7xx_HAL_Driver/stm32h7xx_hal_dma.o
LOAD ./Drivers/STM32H7xx_HAL_Driver/stm32h7xx_hal_dma2d.o
LOAD ./Drivers/STM32H7xx_HAL_Driver/stm32h7xx_hal_dma_ex.o
LOAD ./Drivers/STM32H7xx_HAL_Driver/stm32h7xx_hal_dsi.o
LOAD ./Drivers/STM32H7xx_HAL_Driver/stm32h7xx_hal_gpio.o
LOAD ./Drivers/STM32H7xx_HAL_Driver/stm32h7xx_hal_hsem.o
LOAD ./Drivers/STM32H7xx_HAL_Driver/stm32h7xx_hal_i2c.o
LOAD ./Drivers/STM32H7xx_HAL_Driver/stm32h7xx_hal_i2c_ex.o
LOAD ./Drivers/STM32H7xx_HAL_Driver/stm32h7xx_hal_jpeg.o
LOAD ./Drivers/STM32H7xx_HAL_Driver/stm32h7xx_hal_ltdc.o
LOAD ./Drivers/STM32H7xx_HAL_Driver/stm32h7xx_hal_ltdc_ex.o
LOAD ./Drivers/STM32H7xx_HAL_Driver/stm32h7xx_hal_mdma.o
LOAD ./Drivers/STM32H7xx_HAL_Driver/stm32h7xx_hal_pwr.o
LOAD ./Drivers/STM32H7xx_HAL_Driver/stm32h7xx_hal_pwr_ex.o
LOAD ./Drivers/STM32H7xx_HAL_Driver/stm32h7xx_hal_rcc.o
LOAD ./Drivers/STM32H7xx_HAL_Driver/stm32h7xx_hal_rcc_ex.o
LOAD ./Drivers/STM32H7xx_HAL_Driver/stm32h7xx_hal_sd.o
LOAD ./Drivers/STM32H7xx_HAL_Driver/stm32h7xx_hal_sd_ex.o
LOAD ./Drivers/STM32H7xx_HAL_Driver/stm32h7xx_hal_sdram.o
LOAD ./Drivers/STM32H7xx_HAL_Driver/stm32h7xx_hal_uart.o
LOAD ./Drivers/STM32H7xx_HAL_Driver/stm32h7xx_hal_uart_ex.o
LOAD ./Drivers/STM32H7xx_HAL_Driver/stm32h7xx_ll_delayblock.o
LOAD ./Drivers/STM32H7xx_HAL_Driver/stm32h7xx_ll_fmc.o
LOAD ./Drivers/STM32H7xx_HAL_Driver/stm32h7xx_ll_sdmmc.o
LOAD ./Example/User/CM7/decode_dma.o
LOAD ./Example/User/CM7/main.o
LOAD ./Example/User/CM7/sd_diskio.o
LOAD ./Example/User/CM7/stm32h7xx_hal_msp.o
LOAD ./Example/User/CM7/stm32h7xx_it.o
LOAD ./Example/User/CM7/syscalls.o
LOAD ./Example/User/CM7/sysmem.o
LOAD ./Example/User/Startup/startup_stm32h747xihx.o
LOAD ./Middlewares/FatFs/Core/diskio.o
LOAD ./Middlewares/FatFs/Core/ff.o
LOAD ./Middlewares/FatFs/Core/ff_gen_drv.o
LOAD ./Middlewares/FatFs/Options/syscall.o
LOAD ./Middlewares/FatFs/Options/unicode.o
LOAD ./Utilities/stm32_lcd.o
START GROUP
LOAD C:/ST/STM32CubeIDE_1.19.0/STM32CubeIDE/plugins/com.st.stm32cube.ide.mcu.externaltools.gnu-tools-for-stm32.13.3.rel1.win32_1.0.0.202411081344/tools/bin/../lib/gcc/arm-none-eabi/13.3.1/../../../../arm-none-eabi/lib/thumb/v7e-m+dp/hard\libc_nano.a
LOAD C:/ST/STM32CubeIDE_1.19.0/STM32CubeIDE/plugins/com.st.stm32cube.ide.mcu.externaltools.gnu-tools-for-stm32.13.3.rel1.win32_1.0.0.202411081344/tools/bin/../lib/gcc/arm-none-eabi/13.3.1/../../../../arm-none-eabi/lib/thumb/v7e-m+dp/hard\libm.a
END GROUP
START GROUP
LOAD C:/ST/STM32CubeIDE_1.19.0/STM32CubeIDE/plugins/com.st.stm32cube.ide.mcu.externaltools.gnu-tools-for-stm32.13.3.rel1.win32_1.0.0.202411081344/tools/bin/../lib/gcc/arm-none-eabi/13.3.1/thumb/v7e-m+dp/hard\libgcc.a
LOAD C:/ST/STM32CubeIDE_1.19.0/STM32CubeIDE/plugins/com.st.stm32cube.ide.mcu.externaltools.gnu-tools-for-stm32.13.3.rel1.win32_1.0.0.202411081344/tools/bin/../lib/gcc/arm-none-eabi/13.3.1/../../../../arm-none-eabi/lib/thumb/v7e-m+dp/hard\libc_nano.a
END GROUP
START GROUP
LOAD C:/ST/STM32CubeIDE_1.19.0/STM32CubeIDE/plugins/com.st.stm32cube.ide.mcu.externaltools.gnu-tools-for-stm32.13.3.rel1.win32_1.0.0.202411081344/tools/bin/../lib/gcc/arm-none-eabi/13.3.1/thumb/v7e-m+dp/hard\libgcc.a
LOAD C:/ST/STM32CubeIDE_1.19.0/STM32CubeIDE/plugins/com.st.stm32cube.ide.mcu.externaltools.gnu-tools-for-stm32.13.3.rel1.win32_1.0.0.202411081344/tools/bin/../lib/gcc/arm-none-eabi/13.3.1/../../../../arm-none-eabi/lib/thumb/v7e-m+dp/hard\libc_nano.a
LOAD C:/ST/STM32CubeIDE_1.19.0/STM32CubeIDE/plugins/com.st.stm32cube.ide.mcu.externaltools.gnu-tools-for-stm32.13.3.rel1.win32_1.0.0.202411081344/tools/bin/../lib/gcc/arm-none-eabi/13.3.1/../../../../arm-none-eabi/lib/thumb/v7e-m+dp/hard\libnosys.a
END GROUP
START GROUP
LOAD C:/ST/STM32CubeIDE_1.19.0/STM32CubeIDE/plugins/com.st.stm32cube.ide.mcu.externaltools.gnu-tools-for-stm32.13.3.rel1.win32_1.0.0.202411081344/tools/bin/../lib/gcc/arm-none-eabi/13.3.1/thumb/v7e-m+dp/hard\libgcc.a
LOAD C:/ST/STM32CubeIDE_1.19.0/STM32CubeIDE/plugins/com.st.stm32cube.ide.mcu.externaltools.gnu-tools-for-stm32.13.3.rel1.win32_1.0.0.202411081344/tools/bin/../lib/gcc/arm-none-eabi/13.3.1/../../../../arm-none-eabi/lib/thumb/v7e-m+dp/hard\libc_nano.a
LOAD C:/ST/STM32CubeIDE_1.19.0/STM32CubeIDE/plugins/com.st.stm32cube.ide.mcu.externaltools.gnu-tools-for-stm32.13.3.rel1.win32_1.0.0.202411081344/tools/bin/../lib/gcc/arm-none-eabi/13.3.1/../../../../arm-none-eabi/lib/thumb/v7e-m+dp/hard\libnosys.a
END GROUP
LOAD C:/ST/STM32CubeIDE_1.19.0/STM32CubeIDE/plugins/com.st.stm32cube.ide.mcu.externaltools.gnu-tools-for-stm32.13.3.rel1.win32_1.0.0.202411081344/tools/bin/../lib/gcc/arm-none-eabi/13.3.1/thumb/v7e-m+dp/hard/crtend.o
LOAD C:/ST/STM32CubeIDE_1.19.0/STM32CubeIDE/plugins/com.st.stm32cube.ide.mcu.externaltools.gnu-tools-for-stm32.13.3.rel1.win32_1.0.0.202411081344/tools/bin/../lib/gcc/arm-none-eabi/13.3.1/thumb/v7e-m+dp/hard/crtn.o
                0x20020000                        _estack = 0x20020000
                0x00000400                        _Min_Heap_Size = 0x400
                0x00002000                        _Min_Stack_Size = 0x2000

.isr_vector     0x08000000      0x298
                0x08000000                        . = ALIGN (0x4)
 *(.isr_vector)
 .isr_vector    0x08000000      0x298 ./Example/User/Startup/startup_stm32h747xihx.o
                0x08000000                g_pfnVectors
                0x08000298                        . = ALIGN (0x4)

.text           0x080002a0    0x165e4
                0x080002a0                        . = ALIGN (0x4)
 *(.text)
 .text          0x080002a0       0x40 C:/ST/STM32CubeIDE_1.19.0/STM32CubeIDE/plugins/com.st.stm32cube.ide.mcu.externaltools.gnu-tools-for-stm32.13.3.rel1.win32_1.0.0.202411081344/tools/bin/../lib/gcc/arm-none-eabi/13.3.1/thumb/v7e-m+dp/hard/crtbegin.o
 .text          0x080002e0       0x14 C:/ST/STM32CubeIDE_1.19.0/STM32CubeIDE/plugins/com.st.stm32cube.ide.mcu.externaltools.gnu-tools-for-stm32.13.3.rel1.win32_1.0.0.202411081344/tools/bin/../lib/gcc/arm-none-eabi/13.3.1/../../../../arm-none-eabi/lib/thumb/v7e-m+dp/hard\libc_nano.a(libc_a-strcmp.o)
                0x080002e0                strcmp
 *fill*         0x080002f4        0xc 
 .text          0x08000300       0xa0 C:/ST/STM32CubeIDE_1.19.0/STM32CubeIDE/plugins/com.st.stm32cube.ide.mcu.externaltools.gnu-tools-for-stm32.13.3.rel1.win32_1.0.0.202411081344/tools/bin/../lib/gcc/arm-none-eabi/13.3.1/../../../../arm-none-eabi/lib/thumb/v7e-m+dp/hard\libc_nano.a(libc_a-memchr.o)
                0x08000300                memchr
 *(.text*)
 .text.IS42S32800J_Init
                0x080003a0       0x7e ./Drivers/BSP/Components/is42s32800j.o
                0x080003a0                IS42S32800J_Init
 *fill*         0x0800041e        0x2 
 .text.IS42S32800J_ClockEnable
                0x08000420       0x48 ./Drivers/BSP/Components/is42s32800j.o
                0x08000420                IS42S32800J_ClockEnable
 .text.IS42S32800J_Precharge
                0x08000468       0x48 ./Drivers/BSP/Components/is42s32800j.o
                0x08000468                IS42S32800J_Precharge
 .text.IS42S32800J_ModeRegConfig
                0x080004b0       0x68 ./Drivers/BSP/Components/is42s32800j.o
                0x080004b0                IS42S32800J_ModeRegConfig
 .text.IS42S32800J_RefreshMode
                0x08000518       0x4c ./Drivers/BSP/Components/is42s32800j.o
                0x08000518                IS42S32800J_RefreshMode
 .text.IS42S32800J_RefreshRate
                0x08000564       0x28 ./Drivers/BSP/Components/is42s32800j.o
                0x08000564                IS42S32800J_RefreshRate
 .text.IS42S32800J_Delay
                0x0800058c       0x2a ./Drivers/BSP/Components/is42s32800j.o
 *fill*         0x080005b6        0x2 
 .text.NT35510_RegisterBusIO
                0x080005b8       0x5c ./Drivers/BSP/Components/nt35510.o
                0x080005b8                NT35510_RegisterBusIO
 .text.NT35510_Init
                0x08000614      0x4bc ./Drivers/BSP/Components/nt35510.o
                0x08000614                NT35510_Init
 .text.NT35510_DeInit
                0x08000ad0       0x18 ./Drivers/BSP/Components/nt35510.o
                0x08000ad0                NT35510_DeInit
 .text.NT35510_ReadID
                0x08000ae8       0x36 ./Drivers/BSP/Components/nt35510.o
                0x08000ae8                NT35510_ReadID
 *fill*         0x08000b1e        0x2 
 .text.NT35510_SetBrightness
                0x08000b20       0x5c ./Drivers/BSP/Components/nt35510.o
                0x08000b20                NT35510_SetBrightness
 .text.NT35510_GetBrightness
                0x08000b7c       0x24 ./Drivers/BSP/Components/nt35510.o
                0x08000b7c                NT35510_GetBrightness
 .text.NT35510_DisplayOn
                0x08000ba0       0x3a ./Drivers/BSP/Components/nt35510.o
                0x08000ba0                NT35510_DisplayOn
 .text.NT35510_DisplayOff
                0x08000bda       0x3a ./Drivers/BSP/Components/nt35510.o
                0x08000bda                NT35510_DisplayOff
 .text.NT35510_SetOrientation
                0x08000c14       0xec ./Drivers/BSP/Components/nt35510.o
                0x08000c14                NT35510_SetOrientation
 .text.NT35510_GetOrientation
                0x08000d00       0x24 ./Drivers/BSP/Components/nt35510.o
                0x08000d00                NT35510_GetOrientation
 .text.NT35510_GetXSize
                0x08000d24       0x48 ./Drivers/BSP/Components/nt35510.o
                0x08000d24                NT35510_GetXSize
 .text.NT35510_GetYSize
                0x08000d6c       0x48 ./Drivers/BSP/Components/nt35510.o
                0x08000d6c                NT35510_GetYSize
 .text.NT35510_SetCursor
                0x08000db4       0x1c ./Drivers/BSP/Components/nt35510.o
                0x08000db4                NT35510_SetCursor
 .text.NT35510_DrawBitmap
                0x08000dd0       0x1e ./Drivers/BSP/Components/nt35510.o
                0x08000dd0                NT35510_DrawBitmap
 .text.NT35510_FillRGBRect
                0x08000dee       0x1e ./Drivers/BSP/Components/nt35510.o
                0x08000dee                NT35510_FillRGBRect
 .text.NT35510_DrawHLine
                0x08000e0c       0x1e ./Drivers/BSP/Components/nt35510.o
                0x08000e0c                NT35510_DrawHLine
 .text.NT35510_DrawVLine
                0x08000e2a       0x1e ./Drivers/BSP/Components/nt35510.o
                0x08000e2a                NT35510_DrawVLine
 .text.NT35510_FillRect
                0x08000e48       0x1e ./Drivers/BSP/Components/nt35510.o
                0x08000e48                NT35510_FillRect
 .text.NT35510_GetPixel
                0x08000e66       0x1e ./Drivers/BSP/Components/nt35510.o
                0x08000e66                NT35510_GetPixel
 .text.NT35510_SetPixel
                0x08000e84       0x1e ./Drivers/BSP/Components/nt35510.o
                0x08000e84                NT35510_SetPixel
 .text.NT35510_ReadRegWrap
                0x08000ea2       0x32 ./Drivers/BSP/Components/nt35510.o
 .text.NT35510_WriteRegWrap
                0x08000ed4       0x32 ./Drivers/BSP/Components/nt35510.o
 .text.NT35510_IO_Delay
                0x08000f06       0x34 ./Drivers/BSP/Components/nt35510.o
 .text.nt35510_read_reg
                0x08000f3a       0x2e ./Drivers/BSP/Components/nt35510_reg.o
                0x08000f3a                nt35510_read_reg
 .text.nt35510_write_reg
                0x08000f68       0x2e ./Drivers/BSP/Components/nt35510_reg.o
                0x08000f68                nt35510_write_reg
 *fill*         0x08000f96        0x2 
 .text.OTM8009A_RegisterBusIO
                0x08000f98       0x5c ./Drivers/BSP/Components/otm8009a.o
                0x08000f98                OTM8009A_RegisterBusIO
 .text.OTM8009A_Init
                0x08000ff4      0xb94 ./Drivers/BSP/Components/otm8009a.o
                0x08000ff4                OTM8009A_Init
 .text.OTM8009A_DeInit
                0x08001b88       0x18 ./Drivers/BSP/Components/otm8009a.o
                0x08001b88                OTM8009A_DeInit
 .text.OTM8009A_ReadID
                0x08001ba0       0x36 ./Drivers/BSP/Components/otm8009a.o
                0x08001ba0                OTM8009A_ReadID
 *fill*         0x08001bd6        0x2 
 .text.OTM8009A_SetBrightness
                0x08001bd8       0x5c ./Drivers/BSP/Components/otm8009a.o
                0x08001bd8                OTM8009A_SetBrightness
 .text.OTM8009A_GetBrightness
                0x08001c34       0x24 ./Drivers/BSP/Components/otm8009a.o
                0x08001c34                OTM8009A_GetBrightness
 .text.OTM8009A_DisplayOn
                0x08001c58       0x3a ./Drivers/BSP/Components/otm8009a.o
                0x08001c58                OTM8009A_DisplayOn
 .text.OTM8009A_DisplayOff
                0x08001c92       0x3a ./Drivers/BSP/Components/otm8009a.o
                0x08001c92                OTM8009A_DisplayOff
 .text.OTM8009A_SetOrientation
                0x08001ccc       0xe4 ./Drivers/BSP/Components/otm8009a.o
                0x08001ccc                OTM8009A_SetOrientation
 .text.OTM8009A_GetOrientation
                0x08001db0       0x24 ./Drivers/BSP/Components/otm8009a.o
                0x08001db0                OTM8009A_GetOrientation
 .text.OTM8009A_GetXSize
                0x08001dd4       0x48 ./Drivers/BSP/Components/otm8009a.o
                0x08001dd4                OTM8009A_GetXSize
 .text.OTM8009A_GetYSize
                0x08001e1c       0x48 ./Drivers/BSP/Components/otm8009a.o
                0x08001e1c                OTM8009A_GetYSize
 .text.OTM8009A_SetCursor
                0x08001e64       0x1c ./Drivers/BSP/Components/otm8009a.o
                0x08001e64                OTM8009A_SetCursor
 .text.OTM8009A_DrawBitmap
                0x08001e80       0x1e ./Drivers/BSP/Components/otm8009a.o
                0x08001e80                OTM8009A_DrawBitmap
 .text.OTM8009A_FillRGBRect
                0x08001e9e       0x1e ./Drivers/BSP/Components/otm8009a.o
                0x08001e9e                OTM8009A_FillRGBRect
 .text.OTM8009A_DrawHLine
                0x08001ebc       0x1e ./Drivers/BSP/Components/otm8009a.o
                0x08001ebc                OTM8009A_DrawHLine
 .text.OTM8009A_DrawVLine
                0x08001eda       0x1e ./Drivers/BSP/Components/otm8009a.o
                0x08001eda                OTM8009A_DrawVLine
 .text.OTM8009A_FillRect
                0x08001ef8       0x1e ./Drivers/BSP/Components/otm8009a.o
                0x08001ef8                OTM8009A_FillRect
 .text.OTM8009A_GetPixel
                0x08001f16       0x1e ./Drivers/BSP/Components/otm8009a.o
                0x08001f16                OTM8009A_GetPixel
 .text.OTM8009A_SetPixel
                0x08001f34       0x1e ./Drivers/BSP/Components/otm8009a.o
                0x08001f34                OTM8009A_SetPixel
 .text.OTM8009A_ReadRegWrap
                0x08001f52       0x32 ./Drivers/BSP/Components/otm8009a.o
 .text.OTM8009A_WriteRegWrap
                0x08001f84       0x32 ./Drivers/BSP/Components/otm8009a.o
 .text.OTM8009A_IO_Delay
                0x08001fb6       0x34 ./Drivers/BSP/Components/otm8009a.o
 .text.otm8009a_read_reg
                0x08001fea       0x2e ./Drivers/BSP/Components/otm8009a_reg.o
                0x08001fea                otm8009a_read_reg
 .text.otm8009a_write_reg
                0x08002018       0x2e ./Drivers/BSP/Components/otm8009a_reg.o
                0x08002018                otm8009a_write_reg
 *fill*         0x08002046        0x2 
 .text.BSP_LED_Init
                0x08002048       0x88 ./Drivers/BSP/STM32H747I_DISCO/stm32h747i_discovery.o
                0x08002048                BSP_LED_Init
 .text.BSP_LED_On
                0x080020d0       0x3c ./Drivers/BSP/STM32H747I_DISCO/stm32h747i_discovery.o
                0x080020d0                BSP_LED_On
 .text.BSP_GetTick
                0x0800210c        0xe ./Drivers/BSP/STM32H747I_DISCO/stm32h747i_discovery_bus.o
                0x0800210c                BSP_GetTick
 .text.BSP_LCD_Init
                0x0800211a       0x28 ./Drivers/BSP/STM32H747I_DISCO/stm32h747i_discovery_lcd.o
                0x0800211a                BSP_LCD_Init
 *fill*         0x08002142        0x2 
 .text.BSP_LCD_InitEx
                0x08002144      0x210 ./Drivers/BSP/STM32H747I_DISCO/stm32h747i_discovery_lcd.o
                0x08002144                BSP_LCD_InitEx
 .text.BSP_LCD_Reset
                0x08002354       0x74 ./Drivers/BSP/STM32H747I_DISCO/stm32h747i_discovery_lcd.o
                0x08002354                BSP_LCD_Reset
 .text.LCD_InitSequence
                0x080023c8       0xd0 ./Drivers/BSP/STM32H747I_DISCO/stm32h747i_discovery_lcd.o
 .text.MX_DSIHOST_DSI_Init
                0x08002498      0x164 ./Drivers/BSP/STM32H747I_DISCO/stm32h747i_discovery_lcd.o
                0x08002498                MX_DSIHOST_DSI_Init
 .text.MX_LTDC_Init
                0x080025fc       0xe8 ./Drivers/BSP/STM32H747I_DISCO/stm32h747i_discovery_lcd.o
                0x080025fc                MX_LTDC_Init
 .text.MX_LTDC_ConfigLayer
                0x080026e4       0x84 ./Drivers/BSP/STM32H747I_DISCO/stm32h747i_discovery_lcd.o
                0x080026e4                MX_LTDC_ConfigLayer
 .text.MX_LTDC_ClockConfig
                0x08002768       0x4a ./Drivers/BSP/STM32H747I_DISCO/stm32h747i_discovery_lcd.o
                0x08002768                MX_LTDC_ClockConfig
 *fill*         0x080027b2        0x2 
 .text.BSP_LCD_SetActiveLayer
                0x080027b4       0x44 ./Drivers/BSP/STM32H747I_DISCO/stm32h747i_discovery_lcd.o
                0x080027b4                BSP_LCD_SetActiveLayer
 .text.BSP_LCD_GetPixelFormat
                0x080027f8       0x44 ./Drivers/BSP/STM32H747I_DISCO/stm32h747i_discovery_lcd.o
                0x080027f8                BSP_LCD_GetPixelFormat
 .text.BSP_LCD_GetXSize
                0x0800283c       0x50 ./Drivers/BSP/STM32H747I_DISCO/stm32h747i_discovery_lcd.o
                0x0800283c                BSP_LCD_GetXSize
 .text.BSP_LCD_GetYSize
                0x0800288c       0x54 ./Drivers/BSP/STM32H747I_DISCO/stm32h747i_discovery_lcd.o
                0x0800288c                BSP_LCD_GetYSize
 .text.BSP_LCD_DrawBitmap
                0x080028e0      0x1a4 ./Drivers/BSP/STM32H747I_DISCO/stm32h747i_discovery_lcd.o
                0x080028e0                BSP_LCD_DrawBitmap
 .text.BSP_LCD_FillRGBRect
                0x08002a84       0x98 ./Drivers/BSP/STM32H747I_DISCO/stm32h747i_discovery_lcd.o
                0x08002a84                BSP_LCD_FillRGBRect
 .text.BSP_LCD_DrawHLine
                0x08002b1c       0xb8 ./Drivers/BSP/STM32H747I_DISCO/stm32h747i_discovery_lcd.o
                0x08002b1c                BSP_LCD_DrawHLine
 .text.BSP_LCD_DrawVLine
                0x08002bd4       0xcc ./Drivers/BSP/STM32H747I_DISCO/stm32h747i_discovery_lcd.o
                0x08002bd4                BSP_LCD_DrawVLine
 .text.BSP_LCD_FillRect
                0x08002ca0       0x9c ./Drivers/BSP/STM32H747I_DISCO/stm32h747i_discovery_lcd.o
                0x08002ca0                BSP_LCD_FillRect
 .text.BSP_LCD_ReadPixel
                0x08002d3c       0xd8 ./Drivers/BSP/STM32H747I_DISCO/stm32h747i_discovery_lcd.o
                0x08002d3c                BSP_LCD_ReadPixel
 .text.BSP_LCD_WritePixel
                0x08002e14       0xd4 ./Drivers/BSP/STM32H747I_DISCO/stm32h747i_discovery_lcd.o
                0x08002e14                BSP_LCD_WritePixel
 .text.LL_FillBuffer
                0x08002ee8       0xe8 ./Drivers/BSP/STM32H747I_DISCO/stm32h747i_discovery_lcd.o
 .text.LL_ConvertLineToRGB
                0x08002fd0       0xb0 ./Drivers/BSP/STM32H747I_DISCO/stm32h747i_discovery_lcd.o
 .text.LTDC_MspInit
                0x08003080       0x64 ./Drivers/BSP/STM32H747I_DISCO/stm32h747i_discovery_lcd.o
 .text.DMA2D_MspInit
                0x080030e4       0x5c ./Drivers/BSP/STM32H747I_DISCO/stm32h747i_discovery_lcd.o
 .text.DSI_MspInit
                0x08003140       0x60 ./Drivers/BSP/STM32H747I_DISCO/stm32h747i_discovery_lcd.o
 .text.DSI_IO_Write
                0x080031a0       0x78 ./Drivers/BSP/STM32H747I_DISCO/stm32h747i_discovery_lcd.o
 .text.DSI_IO_Read
                0x08003218       0x50 ./Drivers/BSP/STM32H747I_DISCO/stm32h747i_discovery_lcd.o
 .text.NT35510_Probe
                0x08003268       0xb8 ./Drivers/BSP/STM32H747I_DISCO/stm32h747i_discovery_lcd.o
 .text.OTM8009A_Probe
                0x08003320       0xb8 ./Drivers/BSP/STM32H747I_DISCO/stm32h747i_discovery_lcd.o
 .text.BSP_SD_Init
                0x080033d8       0xf8 ./Drivers/BSP/STM32H747I_DISCO/stm32h747i_discovery_sd.o
                0x080033d8                BSP_SD_Init
 .text.MX_SDMMC1_SD_Init
                0x080034d0       0x50 ./Drivers/BSP/STM32H747I_DISCO/stm32h747i_discovery_sd.o
                0x080034d0                MX_SDMMC1_SD_Init
 .text.BSP_SD_IsDetected
                0x08003520       0x48 ./Drivers/BSP/STM32H747I_DISCO/stm32h747i_discovery_sd.o
                0x08003520                BSP_SD_IsDetected
 .text.BSP_SD_ReadBlocks
                0x08003568       0x60 ./Drivers/BSP/STM32H747I_DISCO/stm32h747i_discovery_sd.o
                0x08003568                BSP_SD_ReadBlocks
 .text.BSP_SD_WriteBlocks
                0x080035c8       0x60 ./Drivers/BSP/STM32H747I_DISCO/stm32h747i_discovery_sd.o
                0x080035c8                BSP_SD_WriteBlocks
 .text.BSP_SD_GetCardState
                0x08003628       0x34 ./Drivers/BSP/STM32H747I_DISCO/stm32h747i_discovery_sd.o
                0x08003628                BSP_SD_GetCardState
 .text.BSP_SD_GetCardInfo
                0x0800365c       0x4c ./Drivers/BSP/STM32H747I_DISCO/stm32h747i_discovery_sd.o
                0x0800365c                BSP_SD_GetCardInfo
 .text.SD_MspInit
                0x080036a8      0x130 ./Drivers/BSP/STM32H747I_DISCO/stm32h747i_discovery_sd.o
 .text.BSP_SDRAM_Init
                0x080037d8       0x90 ./Drivers/BSP/STM32H747I_DISCO/stm32h747i_discovery_sdram.o
                0x080037d8                BSP_SDRAM_Init
 .text.MX_SDRAM_Init
                0x08003868       0x94 ./Drivers/BSP/STM32H747I_DISCO/stm32h747i_discovery_sdram.o
                0x08003868                MX_SDRAM_Init
 .text.SDRAM_MspInit
                0x080038fc      0x22c ./Drivers/BSP/STM32H747I_DISCO/stm32h747i_discovery_sdram.o
 .text.SystemInit
                0x08003b28       0xec ./Drivers/CMSIS/system_stm32h7xx.o
                0x08003b28                SystemInit
 .text.ExitRun0Mode
                0x08003c14       0x30 ./Drivers/CMSIS/system_stm32h7xx.o
                0x08003c14                ExitRun0Mode
 .text.HAL_Init
                0x08003c44       0x78 ./Drivers/STM32H7xx_HAL_Driver/stm32h7xx_hal.o
                0x08003c44                HAL_Init
 .text.HAL_MspInit
                0x08003cbc        0xe ./Drivers/STM32H7xx_HAL_Driver/stm32h7xx_hal.o
                0x08003cbc                HAL_MspInit
 *fill*         0x08003cca        0x2 
 .text.HAL_InitTick
                0x08003ccc       0x6c ./Drivers/STM32H7xx_HAL_Driver/stm32h7xx_hal.o
                0x08003ccc                HAL_InitTick
 .text.HAL_IncTick
                0x08003d38       0x28 ./Drivers/STM32H7xx_HAL_Driver/stm32h7xx_hal.o
                0x08003d38                HAL_IncTick
 .text.HAL_GetTick
                0x08003d60       0x18 ./Drivers/STM32H7xx_HAL_Driver/stm32h7xx_hal.o
                0x08003d60                HAL_GetTick
 .text.HAL_Delay
                0x08003d78       0x48 ./Drivers/STM32H7xx_HAL_Driver/stm32h7xx_hal.o
                0x08003d78                HAL_Delay
 .text.HAL_GetREVID
                0x08003dc0       0x18 ./Drivers/STM32H7xx_HAL_Driver/stm32h7xx_hal.o
                0x08003dc0                HAL_GetREVID
 .text.HAL_EnableCompensationCell
                0x08003dd8       0x20 ./Drivers/STM32H7xx_HAL_Driver/stm32h7xx_hal.o
                0x08003dd8                HAL_EnableCompensationCell
 .text.__NVIC_SetPriorityGrouping
                0x08003df8       0x48 ./Drivers/STM32H7xx_HAL_Driver/stm32h7xx_hal_cortex.o
 .text.__NVIC_GetPriorityGrouping
                0x08003e40       0x1c ./Drivers/STM32H7xx_HAL_Driver/stm32h7xx_hal_cortex.o
 .text.__NVIC_EnableIRQ
                0x08003e5c       0x3c ./Drivers/STM32H7xx_HAL_Driver/stm32h7xx_hal_cortex.o
 .text.__NVIC_DisableIRQ
                0x08003e98       0x48 ./Drivers/STM32H7xx_HAL_Driver/stm32h7xx_hal_cortex.o
 .text.__NVIC_SetPriority
                0x08003ee0       0x54 ./Drivers/STM32H7xx_HAL_Driver/stm32h7xx_hal_cortex.o
 .text.NVIC_EncodePriority
                0x08003f34       0x66 ./Drivers/STM32H7xx_HAL_Driver/stm32h7xx_hal_cortex.o
 *fill*         0x08003f9a        0x2 
 .text.SysTick_Config
                0x08003f9c       0x44 ./Drivers/STM32H7xx_HAL_Driver/stm32h7xx_hal_cortex.o
 .text.HAL_NVIC_SetPriorityGrouping
                0x08003fe0       0x16 ./Drivers/STM32H7xx_HAL_Driver/stm32h7xx_hal_cortex.o
                0x08003fe0                HAL_NVIC_SetPriorityGrouping
 .text.HAL_NVIC_SetPriority
                0x08003ff6       0x34 ./Drivers/STM32H7xx_HAL_Driver/stm32h7xx_hal_cortex.o
                0x08003ff6                HAL_NVIC_SetPriority
 .text.HAL_NVIC_EnableIRQ
                0x0800402a       0x1c ./Drivers/STM32H7xx_HAL_Driver/stm32h7xx_hal_cortex.o
                0x0800402a                HAL_NVIC_EnableIRQ
 .text.HAL_NVIC_DisableIRQ
                0x08004046       0x1c ./Drivers/STM32H7xx_HAL_Driver/stm32h7xx_hal_cortex.o
                0x08004046                HAL_NVIC_DisableIRQ
 .text.HAL_SYSTICK_Config
                0x08004062       0x18 ./Drivers/STM32H7xx_HAL_Driver/stm32h7xx_hal_cortex.o
                0x08004062                HAL_SYSTICK_Config
 *fill*         0x0800407a        0x2 
 .text.HAL_MPU_Disable
                0x0800407c       0x30 ./Drivers/STM32H7xx_HAL_Driver/stm32h7xx_hal_cortex.o
                0x0800407c                HAL_MPU_Disable
 .text.HAL_MPU_Enable
                0x080040ac       0x40 ./Drivers/STM32H7xx_HAL_Driver/stm32h7xx_hal_cortex.o
                0x080040ac                HAL_MPU_Enable
 .text.HAL_MPU_ConfigRegion
                0x080040ec       0x80 ./Drivers/STM32H7xx_HAL_Driver/stm32h7xx_hal_cortex.o
                0x080040ec                HAL_MPU_ConfigRegion
 .text.HAL_DMA2D_Init
                0x0800416c       0xc8 ./Drivers/STM32H7xx_HAL_Driver/stm32h7xx_hal_dma2d.o
                0x0800416c                HAL_DMA2D_Init
 .text.HAL_DMA2D_DeInit
                0x08004234       0xec ./Drivers/STM32H7xx_HAL_Driver/stm32h7xx_hal_dma2d.o
                0x08004234                HAL_DMA2D_DeInit
 .text.HAL_DMA2D_MspInit
                0x08004320       0x14 ./Drivers/STM32H7xx_HAL_Driver/stm32h7xx_hal_dma2d.o
                0x08004320                HAL_DMA2D_MspInit
 .text.HAL_DMA2D_MspDeInit
                0x08004334       0x14 ./Drivers/STM32H7xx_HAL_Driver/stm32h7xx_hal_dma2d.o
                0x08004334                HAL_DMA2D_MspDeInit
 .text.HAL_DMA2D_Start
                0x08004348       0x56 ./Drivers/STM32H7xx_HAL_Driver/stm32h7xx_hal_dma2d.o
                0x08004348                HAL_DMA2D_Start
 .text.HAL_DMA2D_Abort
                0x0800439e       0x8c ./Drivers/STM32H7xx_HAL_Driver/stm32h7xx_hal_dma2d.o
                0x0800439e                HAL_DMA2D_Abort
 .text.HAL_DMA2D_CLUTLoading_Abort
                0x0800442a       0x9e ./Drivers/STM32H7xx_HAL_Driver/stm32h7xx_hal_dma2d.o
                0x0800442a                HAL_DMA2D_CLUTLoading_Abort
 .text.HAL_DMA2D_PollForTransfer
                0x080044c8      0x1d2 ./Drivers/STM32H7xx_HAL_Driver/stm32h7xx_hal_dma2d.o
                0x080044c8                HAL_DMA2D_PollForTransfer
 *fill*         0x0800469a        0x2 
 .text.HAL_DMA2D_ConfigLayer
                0x0800469c      0x15c ./Drivers/STM32H7xx_HAL_Driver/stm32h7xx_hal_dma2d.o
                0x0800469c                HAL_DMA2D_ConfigLayer
 .text.HAL_DMA2D_GetState
                0x080047f8       0x1c ./Drivers/STM32H7xx_HAL_Driver/stm32h7xx_hal_dma2d.o
                0x080047f8                HAL_DMA2D_GetState
 .text.DMA2D_SetConfig
                0x08004814      0x14c ./Drivers/STM32H7xx_HAL_Driver/stm32h7xx_hal_dma2d.o
 .text.DSI_ConfigPacketHeader
                0x08004960       0x32 ./Drivers/STM32H7xx_HAL_Driver/stm32h7xx_hal_dsi.o
 .text.DSI_ShortWrite
                0x08004992       0x5e ./Drivers/STM32H7xx_HAL_Driver/stm32h7xx_hal_dsi.o
 .text.HAL_DSI_Init
                0x080049f0      0x300 ./Drivers/STM32H7xx_HAL_Driver/stm32h7xx_hal_dsi.o
                0x080049f0                HAL_DSI_Init
 .text.HAL_DSI_MspInit
                0x08004cf0       0x14 ./Drivers/STM32H7xx_HAL_Driver/stm32h7xx_hal_dsi.o
                0x08004cf0                HAL_DSI_MspInit
 .text.HAL_DSI_ConfigVideoMode
                0x08004d04      0x400 ./Drivers/STM32H7xx_HAL_Driver/stm32h7xx_hal_dsi.o
                0x08004d04                HAL_DSI_ConfigVideoMode
 .text.HAL_DSI_ConfigFlowControl
                0x08005104       0x50 ./Drivers/STM32H7xx_HAL_Driver/stm32h7xx_hal_dsi.o
                0x08005104                HAL_DSI_ConfigFlowControl
 .text.HAL_DSI_Start
                0x08005154       0x78 ./Drivers/STM32H7xx_HAL_Driver/stm32h7xx_hal_dsi.o
                0x08005154                HAL_DSI_Start
 .text.HAL_DSI_ShortWrite
                0x080051cc       0x44 ./Drivers/STM32H7xx_HAL_Driver/stm32h7xx_hal_dsi.o
                0x080051cc                HAL_DSI_ShortWrite
 .text.HAL_DSI_LongWrite
                0x08005210      0x130 ./Drivers/STM32H7xx_HAL_Driver/stm32h7xx_hal_dsi.o
                0x08005210                HAL_DSI_LongWrite
 .text.HAL_DSI_Read
                0x08005340      0x188 ./Drivers/STM32H7xx_HAL_Driver/stm32h7xx_hal_dsi.o
                0x08005340                HAL_DSI_Read
 .text.HAL_GPIO_Init
                0x080054c8      0x360 ./Drivers/STM32H7xx_HAL_Driver/stm32h7xx_hal_gpio.o
                0x080054c8                HAL_GPIO_Init
 .text.HAL_GPIO_ReadPin
                0x08005828       0x30 ./Drivers/STM32H7xx_HAL_Driver/stm32h7xx_hal_gpio.o
                0x08005828                HAL_GPIO_ReadPin
 .text.HAL_GPIO_WritePin
                0x08005858       0x32 ./Drivers/STM32H7xx_HAL_Driver/stm32h7xx_hal_gpio.o
                0x08005858                HAL_GPIO_WritePin
 *fill*         0x0800588a        0x2 
 .text.HAL_JPEG_Init
                0x0800588c      0x104 ./Drivers/STM32H7xx_HAL_Driver/stm32h7xx_hal_jpeg.o
                0x0800588c                HAL_JPEG_Init
 .text.HAL_JPEG_DeInit
                0x08005990       0x52 ./Drivers/STM32H7xx_HAL_Driver/stm32h7xx_hal_jpeg.o
                0x08005990                HAL_JPEG_DeInit
 .text.HAL_JPEG_GetInfo
                0x080059e2      0x12a ./Drivers/STM32H7xx_HAL_Driver/stm32h7xx_hal_jpeg.o
                0x080059e2                HAL_JPEG_GetInfo
 .text.HAL_JPEG_Decode_DMA
                0x08005b0c       0xc6 ./Drivers/STM32H7xx_HAL_Driver/stm32h7xx_hal_jpeg.o
                0x08005b0c                HAL_JPEG_Decode_DMA
 .text.HAL_JPEG_Pause
                0x08005bd2       0xb0 ./Drivers/STM32H7xx_HAL_Driver/stm32h7xx_hal_jpeg.o
                0x08005bd2                HAL_JPEG_Pause
 .text.HAL_JPEG_Resume
                0x08005c82      0x1d6 ./Drivers/STM32H7xx_HAL_Driver/stm32h7xx_hal_jpeg.o
                0x08005c82                HAL_JPEG_Resume
 .text.HAL_JPEG_ConfigInputBuffer
                0x08005e58       0x24 ./Drivers/STM32H7xx_HAL_Driver/stm32h7xx_hal_jpeg.o
                0x08005e58                HAL_JPEG_ConfigInputBuffer
 .text.HAL_JPEG_ConfigOutputBuffer
                0x08005e7c       0x24 ./Drivers/STM32H7xx_HAL_Driver/stm32h7xx_hal_jpeg.o
                0x08005e7c                HAL_JPEG_ConfigOutputBuffer
 .text.HAL_JPEG_EncodeCpltCallback
                0x08005ea0       0x14 ./Drivers/STM32H7xx_HAL_Driver/stm32h7xx_hal_jpeg.o
                0x08005ea0                HAL_JPEG_EncodeCpltCallback
 .text.HAL_JPEG_IRQHandler
                0x08005eb4       0x4c ./Drivers/STM32H7xx_HAL_Driver/stm32h7xx_hal_jpeg.o
                0x08005eb4                HAL_JPEG_IRQHandler
 .text.JPEG_Bits_To_SizeCodes
                0x08005f00       0xea ./Drivers/STM32H7xx_HAL_Driver/stm32h7xx_hal_jpeg.o
 .text.JPEG_ACHuff_BitsVals_To_SizeCodes
                0x08005fea      0x140 ./Drivers/STM32H7xx_HAL_Driver/stm32h7xx_hal_jpeg.o
 .text.JPEG_DCHuff_BitsVals_To_SizeCodes
                0x0800612a       0xe6 ./Drivers/STM32H7xx_HAL_Driver/stm32h7xx_hal_jpeg.o
 .text.JPEG_Set_HuffDC_Mem
                0x08006210      0x104 ./Drivers/STM32H7xx_HAL_Driver/stm32h7xx_hal_jpeg.o
 .text.JPEG_Set_HuffAC_Mem
                0x08006314      0x208 ./Drivers/STM32H7xx_HAL_Driver/stm32h7xx_hal_jpeg.o
 .text.JPEG_Set_HuffEnc_Mem
                0x0800651c       0xa8 ./Drivers/STM32H7xx_HAL_Driver/stm32h7xx_hal_jpeg.o
 .text.JPEG_Set_Huff_DHTMem
                0x080065c4      0x45c ./Drivers/STM32H7xx_HAL_Driver/stm32h7xx_hal_jpeg.o
 .text.JPEG_Init_Process
                0x08006a20       0xe8 ./Drivers/STM32H7xx_HAL_Driver/stm32h7xx_hal_jpeg.o
 .text.JPEG_Process
                0x08006b08      0x184 ./Drivers/STM32H7xx_HAL_Driver/stm32h7xx_hal_jpeg.o
 .text.JPEG_StoreOutputData
                0x08006c8c      0x20e ./Drivers/STM32H7xx_HAL_Driver/stm32h7xx_hal_jpeg.o
 .text.JPEG_ReadInputData
                0x08006e9a      0x1cc ./Drivers/STM32H7xx_HAL_Driver/stm32h7xx_hal_jpeg.o
 *fill*         0x08007066        0x2 
 .text.JPEG_DMA_StartProcess
                0x08007068      0x134 ./Drivers/STM32H7xx_HAL_Driver/stm32h7xx_hal_jpeg.o
 .text.JPEG_DMA_ContinueProcess
                0x0800719c       0xea ./Drivers/STM32H7xx_HAL_Driver/stm32h7xx_hal_jpeg.o
 .text.JPEG_DMA_EndProcess
                0x08007286       0xd2 ./Drivers/STM32H7xx_HAL_Driver/stm32h7xx_hal_jpeg.o
 .text.JPEG_DMA_PollResidualData
                0x08007358      0x142 ./Drivers/STM32H7xx_HAL_Driver/stm32h7xx_hal_jpeg.o
 .text.JPEG_MDMAInCpltCallback
                0x0800749a      0x12c ./Drivers/STM32H7xx_HAL_Driver/stm32h7xx_hal_jpeg.o
 .text.JPEG_MDMAOutCpltCallback
                0x080075c6       0xc2 ./Drivers/STM32H7xx_HAL_Driver/stm32h7xx_hal_jpeg.o
 .text.JPEG_MDMAErrorCallback
                0x08007688       0x50 ./Drivers/STM32H7xx_HAL_Driver/stm32h7xx_hal_jpeg.o
 .text.JPEG_MDMAOutAbortCallback
                0x080076d8       0x28 ./Drivers/STM32H7xx_HAL_Driver/stm32h7xx_hal_jpeg.o
 .text.JPEG_GetQuality
                0x08007700       0xbc ./Drivers/STM32H7xx_HAL_Driver/stm32h7xx_hal_jpeg.o
 .text.HAL_LTDC_Init
                0x080077bc      0x13a ./Drivers/STM32H7xx_HAL_Driver/stm32h7xx_hal_ltdc.o
                0x080077bc                HAL_LTDC_Init
 .text.HAL_LTDC_MspInit
                0x080078f6       0x14 ./Drivers/STM32H7xx_HAL_Driver/stm32h7xx_hal_ltdc.o
                0x080078f6                HAL_LTDC_MspInit
 .text.HAL_LTDC_ConfigLayer
                0x0800790a       0x7c ./Drivers/STM32H7xx_HAL_Driver/stm32h7xx_hal_ltdc.o
                0x0800790a                HAL_LTDC_ConfigLayer
 *fill*         0x08007986        0x2 
 .text.LTDC_SetConfig
                0x08007988      0x2ec ./Drivers/STM32H7xx_HAL_Driver/stm32h7xx_hal_ltdc.o
 .text.HAL_MDMA_Init
                0x08007c74       0x98 ./Drivers/STM32H7xx_HAL_Driver/stm32h7xx_hal_mdma.o
                0x08007c74                HAL_MDMA_Init
 .text.HAL_MDMA_DeInit
                0x08007d0c       0xb0 ./Drivers/STM32H7xx_HAL_Driver/stm32h7xx_hal_mdma.o
                0x08007d0c                HAL_MDMA_DeInit
 .text.HAL_MDMA_Start_IT
                0x08007dbc      0x102 ./Drivers/STM32H7xx_HAL_Driver/stm32h7xx_hal_mdma.o
                0x08007dbc                HAL_MDMA_Start_IT
 .text.HAL_MDMA_Abort_IT
                0x08007ebe       0x4e ./Drivers/STM32H7xx_HAL_Driver/stm32h7xx_hal_mdma.o
                0x08007ebe                HAL_MDMA_Abort_IT
 .text.HAL_MDMA_IRQHandler
                0x08007f0c      0x2a8 ./Drivers/STM32H7xx_HAL_Driver/stm32h7xx_hal_mdma.o
                0x08007f0c                HAL_MDMA_IRQHandler
 .text.MDMA_SetConfig
                0x080081b4       0xe0 ./Drivers/STM32H7xx_HAL_Driver/stm32h7xx_hal_mdma.o
 .text.MDMA_Init
                0x08008294      0x130 ./Drivers/STM32H7xx_HAL_Driver/stm32h7xx_hal_mdma.o
 .text.HAL_RCC_OscConfig
                0x080083c4      0x8b4 ./Drivers/STM32H7xx_HAL_Driver/stm32h7xx_hal_rcc.o
                0x080083c4                HAL_RCC_OscConfig
 .text.HAL_RCC_ClockConfig
                0x08008c78      0x36c ./Drivers/STM32H7xx_HAL_Driver/stm32h7xx_hal_rcc.o
                0x08008c78                HAL_RCC_ClockConfig
 .text.HAL_RCC_GetSysClockFreq
                0x08008fe4      0x2f4 ./Drivers/STM32H7xx_HAL_Driver/stm32h7xx_hal_rcc.o
                0x08008fe4                HAL_RCC_GetSysClockFreq
 .text.HAL_RCC_GetHCLKFreq
                0x080092d8       0x60 ./Drivers/STM32H7xx_HAL_Driver/stm32h7xx_hal_rcc.o
                0x080092d8                HAL_RCC_GetHCLKFreq
 .text.HAL_RCC_GetPCLK1Freq
                0x08009338       0x2c ./Drivers/STM32H7xx_HAL_Driver/stm32h7xx_hal_rcc.o
                0x08009338                HAL_RCC_GetPCLK1Freq
 .text.HAL_RCCEx_PeriphCLKConfig
                0x08009364     0x1494 ./Drivers/STM32H7xx_HAL_Driver/stm32h7xx_hal_rcc_ex.o
                0x08009364                HAL_RCCEx_PeriphCLKConfig
 .text.HAL_RCCEx_GetPeriphCLKFreq
                0x0800a7f8      0xb00 ./Drivers/STM32H7xx_HAL_Driver/stm32h7xx_hal_rcc_ex.o
                0x0800a7f8                HAL_RCCEx_GetPeriphCLKFreq
 .text.HAL_RCCEx_GetD3PCLK1Freq
                0x0800b2f8       0x2c ./Drivers/STM32H7xx_HAL_Driver/stm32h7xx_hal_rcc_ex.o
                0x0800b2f8                HAL_RCCEx_GetD3PCLK1Freq
 .text.HAL_RCCEx_GetPLL2ClockFreq
                0x0800b324      0x2a8 ./Drivers/STM32H7xx_HAL_Driver/stm32h7xx_hal_rcc_ex.o
                0x0800b324                HAL_RCCEx_GetPLL2ClockFreq
 .text.HAL_RCCEx_GetPLL3ClockFreq
                0x0800b5cc      0x2a8 ./Drivers/STM32H7xx_HAL_Driver/stm32h7xx_hal_rcc_ex.o
                0x0800b5cc                HAL_RCCEx_GetPLL3ClockFreq
 .text.HAL_RCCEx_GetPLL1ClockFreq
                0x0800b874      0x2a4 ./Drivers/STM32H7xx_HAL_Driver/stm32h7xx_hal_rcc_ex.o
                0x0800b874                HAL_RCCEx_GetPLL1ClockFreq
 .text.RCCEx_PLL2_Config
                0x0800bb18      0x164 ./Drivers/STM32H7xx_HAL_Driver/stm32h7xx_hal_rcc_ex.o
 .text.RCCEx_PLL3_Config
                0x0800bc7c      0x164 ./Drivers/STM32H7xx_HAL_Driver/stm32h7xx_hal_rcc_ex.o
 .text.HAL_SD_Init
                0x0800bde0      0x106 ./Drivers/STM32H7xx_HAL_Driver/stm32h7xx_hal_sd.o
                0x0800bde0                HAL_SD_Init
 *fill*         0x0800bee6        0x2 
 .text.HAL_SD_InitCard
                0x0800bee8      0x138 ./Drivers/STM32H7xx_HAL_Driver/stm32h7xx_hal_sd.o
                0x0800bee8                HAL_SD_InitCard
 .text.HAL_SD_MspInit
                0x0800c020       0x14 ./Drivers/STM32H7xx_HAL_Driver/stm32h7xx_hal_sd.o
                0x0800c020                HAL_SD_MspInit
 .text.HAL_SD_ReadBlocks
                0x0800c034      0x314 ./Drivers/STM32H7xx_HAL_Driver/stm32h7xx_hal_sd.o
                0x0800c034                HAL_SD_ReadBlocks
 .text.HAL_SD_WriteBlocks
                0x0800c348      0x31c ./Drivers/STM32H7xx_HAL_Driver/stm32h7xx_hal_sd.o
                0x0800c348                HAL_SD_WriteBlocks
 .text.HAL_SD_GetCardCSD
                0x0800c664      0x348 ./Drivers/STM32H7xx_HAL_Driver/stm32h7xx_hal_sd.o
                0x0800c664                HAL_SD_GetCardCSD
 .text.HAL_SD_GetCardStatus
                0x0800c9ac      0x17c ./Drivers/STM32H7xx_HAL_Driver/stm32h7xx_hal_sd.o
                0x0800c9ac                HAL_SD_GetCardStatus
 .text.HAL_SD_GetCardInfo
                0x0800cb28       0x58 ./Drivers/STM32H7xx_HAL_Driver/stm32h7xx_hal_sd.o
                0x0800cb28                HAL_SD_GetCardInfo
 .text.HAL_SD_ConfigWideBusOperation
                0x0800cb80      0x224 ./Drivers/STM32H7xx_HAL_Driver/stm32h7xx_hal_sd.o
                0x0800cb80                HAL_SD_ConfigWideBusOperation
 .text.HAL_SD_ConfigSpeedBusOperation
                0x0800cda4      0x178 ./Drivers/STM32H7xx_HAL_Driver/stm32h7xx_hal_sd.o
                0x0800cda4                HAL_SD_ConfigSpeedBusOperation
 .text.HAL_SD_GetCardState
                0x0800cf1c       0x40 ./Drivers/STM32H7xx_HAL_Driver/stm32h7xx_hal_sd.o
                0x0800cf1c                HAL_SD_GetCardState
 .text.SD_InitCard
                0x0800cf5c      0x19c ./Drivers/STM32H7xx_HAL_Driver/stm32h7xx_hal_sd.o
 .text.SD_PowerON
                0x0800d0f8      0x11c ./Drivers/STM32H7xx_HAL_Driver/stm32h7xx_hal_sd.o
 .text.SD_SendSDStatus
                0x0800d214      0x1a0 ./Drivers/STM32H7xx_HAL_Driver/stm32h7xx_hal_sd.o
 .text.SD_SendStatus
                0x0800d3b4       0x50 ./Drivers/STM32H7xx_HAL_Driver/stm32h7xx_hal_sd.o
 .text.SD_WideBus_Enable
                0x0800d404       0x96 ./Drivers/STM32H7xx_HAL_Driver/stm32h7xx_hal_sd.o
 .text.SD_WideBus_Disable
                0x0800d49a       0x96 ./Drivers/STM32H7xx_HAL_Driver/stm32h7xx_hal_sd.o
 .text.SD_FindSCR
                0x0800d530      0x1a0 ./Drivers/STM32H7xx_HAL_Driver/stm32h7xx_hal_sd.o
 .text.SD_SwitchSpeed
                0x0800d6d0      0x19c ./Drivers/STM32H7xx_HAL_Driver/stm32h7xx_hal_sd.o
 .text.HAL_SDRAM_Init
                0x0800d86c       0x78 ./Drivers/STM32H7xx_HAL_Driver/stm32h7xx_hal_sdram.o
                0x0800d86c                HAL_SDRAM_Init
 .text.HAL_SDRAM_MspInit
                0x0800d8e4       0x14 ./Drivers/STM32H7xx_HAL_Driver/stm32h7xx_hal_sdram.o
                0x0800d8e4                HAL_SDRAM_MspInit
 .text.HAL_SDRAM_SendCommand
                0x0800d8f8       0x6a ./Drivers/STM32H7xx_HAL_Driver/stm32h7xx_hal_sdram.o
                0x0800d8f8                HAL_SDRAM_SendCommand
 .text.HAL_SDRAM_ProgramRefreshRate
                0x0800d962       0x50 ./Drivers/STM32H7xx_HAL_Driver/stm32h7xx_hal_sdram.o
                0x0800d962                HAL_SDRAM_ProgramRefreshRate
 *fill*         0x0800d9b2        0x2 
 .text.FMC_SDRAM_Init
                0x0800d9b4       0xb8 ./Drivers/STM32H7xx_HAL_Driver/stm32h7xx_ll_fmc.o
                0x0800d9b4                FMC_SDRAM_Init
 .text.FMC_SDRAM_Timing_Init
                0x0800da6c       0xd4 ./Drivers/STM32H7xx_HAL_Driver/stm32h7xx_ll_fmc.o
                0x0800da6c                FMC_SDRAM_Timing_Init
 .text.FMC_SDRAM_SendCommand
                0x0800db40       0x48 ./Drivers/STM32H7xx_HAL_Driver/stm32h7xx_ll_fmc.o
                0x0800db40                FMC_SDRAM_SendCommand
 .text.FMC_SDRAM_ProgramRefreshRate
                0x0800db88       0x30 ./Drivers/STM32H7xx_HAL_Driver/stm32h7xx_ll_fmc.o
                0x0800db88                FMC_SDRAM_ProgramRefreshRate
 .text.SDMMC_Init
                0x0800dbb8       0x54 ./Drivers/STM32H7xx_HAL_Driver/stm32h7xx_ll_sdmmc.o
                0x0800dbb8                SDMMC_Init
 .text.SDMMC_ReadFIFO
                0x0800dc0c       0x1a ./Drivers/STM32H7xx_HAL_Driver/stm32h7xx_ll_sdmmc.o
                0x0800dc0c                SDMMC_ReadFIFO
 .text.SDMMC_WriteFIFO
                0x0800dc26       0x22 ./Drivers/STM32H7xx_HAL_Driver/stm32h7xx_ll_sdmmc.o
                0x0800dc26                SDMMC_WriteFIFO
 .text.SDMMC_PowerState_ON
                0x0800dc48       0x22 ./Drivers/STM32H7xx_HAL_Driver/stm32h7xx_ll_sdmmc.o
                0x0800dc48                SDMMC_PowerState_ON
 .text.SDMMC_GetPowerState
                0x0800dc6a       0x1c ./Drivers/STM32H7xx_HAL_Driver/stm32h7xx_ll_sdmmc.o
                0x0800dc6a                SDMMC_GetPowerState
 *fill*         0x0800dc86        0x2 
 .text.SDMMC_SendCommand
                0x0800dc88       0x54 ./Drivers/STM32H7xx_HAL_Driver/stm32h7xx_ll_sdmmc.o
                0x0800dc88                SDMMC_SendCommand
 .text.SDMMC_GetCommandResponse
                0x0800dcdc       0x1a ./Drivers/STM32H7xx_HAL_Driver/stm32h7xx_ll_sdmmc.o
                0x0800dcdc                SDMMC_GetCommandResponse
 .text.SDMMC_GetResponse
                0x0800dcf6       0x26 ./Drivers/STM32H7xx_HAL_Driver/stm32h7xx_ll_sdmmc.o
                0x0800dcf6                SDMMC_GetResponse
 .text.SDMMC_ConfigData
                0x0800dd1c       0x58 ./Drivers/STM32H7xx_HAL_Driver/stm32h7xx_ll_sdmmc.o
                0x0800dd1c                SDMMC_ConfigData
 .text.SDMMC_CmdBlockLength
                0x0800dd74       0x46 ./Drivers/STM32H7xx_HAL_Driver/stm32h7xx_ll_sdmmc.o
                0x0800dd74                SDMMC_CmdBlockLength
 .text.SDMMC_CmdReadSingleBlock
                0x0800ddba       0x46 ./Drivers/STM32H7xx_HAL_Driver/stm32h7xx_ll_sdmmc.o
                0x0800ddba                SDMMC_CmdReadSingleBlock
 .text.SDMMC_CmdReadMultiBlock
                0x0800de00       0x46 ./Drivers/STM32H7xx_HAL_Driver/stm32h7xx_ll_sdmmc.o
                0x0800de00                SDMMC_CmdReadMultiBlock
 .text.SDMMC_CmdWriteSingleBlock
                0x0800de46       0x46 ./Drivers/STM32H7xx_HAL_Driver/stm32h7xx_ll_sdmmc.o
                0x0800de46                SDMMC_CmdWriteSingleBlock
 .text.SDMMC_CmdWriteMultiBlock
                0x0800de8c       0x46 ./Drivers/STM32H7xx_HAL_Driver/stm32h7xx_ll_sdmmc.o
                0x0800de8c                SDMMC_CmdWriteMultiBlock
 *fill*         0x0800ded2        0x2 
 .text.SDMMC_CmdStopTransfer
                0x0800ded4       0x78 ./Drivers/STM32H7xx_HAL_Driver/stm32h7xx_ll_sdmmc.o
                0x0800ded4                SDMMC_CmdStopTransfer
 .text.SDMMC_CmdSelDesel
                0x0800df4c       0x46 ./Drivers/STM32H7xx_HAL_Driver/stm32h7xx_ll_sdmmc.o
                0x0800df4c                SDMMC_CmdSelDesel
 .text.SDMMC_CmdGoIdleState
                0x0800df92       0x3c ./Drivers/STM32H7xx_HAL_Driver/stm32h7xx_ll_sdmmc.o
                0x0800df92                SDMMC_CmdGoIdleState
 .text.SDMMC_CmdOperCond
                0x0800dfce       0x40 ./Drivers/STM32H7xx_HAL_Driver/stm32h7xx_ll_sdmmc.o
                0x0800dfce                SDMMC_CmdOperCond
 .text.SDMMC_CmdAppCommand
                0x0800e00e       0x46 ./Drivers/STM32H7xx_HAL_Driver/stm32h7xx_ll_sdmmc.o
                0x0800e00e                SDMMC_CmdAppCommand
 .text.SDMMC_CmdAppOperCommand
                0x0800e054       0x40 ./Drivers/STM32H7xx_HAL_Driver/stm32h7xx_ll_sdmmc.o
                0x0800e054                SDMMC_CmdAppOperCommand
 .text.SDMMC_CmdBusWidth
                0x0800e094       0x46 ./Drivers/STM32H7xx_HAL_Driver/stm32h7xx_ll_sdmmc.o
                0x0800e094                SDMMC_CmdBusWidth
 .text.SDMMC_CmdSendSCR
                0x0800e0da       0x44 ./Drivers/STM32H7xx_HAL_Driver/stm32h7xx_ll_sdmmc.o
                0x0800e0da                SDMMC_CmdSendSCR
 .text.SDMMC_CmdSendCID
                0x0800e11e       0x3e ./Drivers/STM32H7xx_HAL_Driver/stm32h7xx_ll_sdmmc.o
                0x0800e11e                SDMMC_CmdSendCID
 .text.SDMMC_CmdSendCSD
                0x0800e15c       0x40 ./Drivers/STM32H7xx_HAL_Driver/stm32h7xx_ll_sdmmc.o
                0x0800e15c                SDMMC_CmdSendCSD
 .text.SDMMC_CmdSetRelAdd
                0x0800e19c       0x44 ./Drivers/STM32H7xx_HAL_Driver/stm32h7xx_ll_sdmmc.o
                0x0800e19c                SDMMC_CmdSetRelAdd
 .text.SDMMC_CmdSendStatus
                0x0800e1e0       0x46 ./Drivers/STM32H7xx_HAL_Driver/stm32h7xx_ll_sdmmc.o
                0x0800e1e0                SDMMC_CmdSendStatus
 .text.SDMMC_CmdStatusRegister
                0x0800e226       0x44 ./Drivers/STM32H7xx_HAL_Driver/stm32h7xx_ll_sdmmc.o
                0x0800e226                SDMMC_CmdStatusRegister
 .text.SDMMC_CmdSwitch
                0x0800e26a       0x46 ./Drivers/STM32H7xx_HAL_Driver/stm32h7xx_ll_sdmmc.o
                0x0800e26a                SDMMC_CmdSwitch
 .text.SDMMC_GetCmdResp1
                0x0800e2b0      0x1e4 ./Drivers/STM32H7xx_HAL_Driver/stm32h7xx_ll_sdmmc.o
                0x0800e2b0                SDMMC_GetCmdResp1
 .text.SDMMC_GetCmdResp2
                0x0800e494       0x94 ./Drivers/STM32H7xx_HAL_Driver/stm32h7xx_ll_sdmmc.o
                0x0800e494                SDMMC_GetCmdResp2
 .text.SDMMC_GetCmdResp3
                0x0800e528       0x80 ./Drivers/STM32H7xx_HAL_Driver/stm32h7xx_ll_sdmmc.o
                0x0800e528                SDMMC_GetCmdResp3
 .text.SDMMC_GetCmdResp6
                0x0800e5a8       0xf0 ./Drivers/STM32H7xx_HAL_Driver/stm32h7xx_ll_sdmmc.o
                0x0800e5a8                SDMMC_GetCmdResp6
 .text.SDMMC_GetCmdResp7
                0x0800e698       0x9c ./Drivers/STM32H7xx_HAL_Driver/stm32h7xx_ll_sdmmc.o
                0x0800e698                SDMMC_GetCmdResp7
 .text.SDMMC_GetCmdError
                0x0800e734       0x5c ./Drivers/STM32H7xx_HAL_Driver/stm32h7xx_ll_sdmmc.o
 .text.JPEG_ResetDecoderState
                0x0800e790       0x8c ./Example/User/CM7/decode_dma.o
                0x0800e790                JPEG_ResetDecoderState
 .text.JPEG_Decode_DMA
                0x0800e81c       0xa8 ./Example/User/CM7/decode_dma.o
                0x0800e81c                JPEG_Decode_DMA
 .text.JPEG_InputHandler
                0x0800e8c4      0x10c ./Example/User/CM7/decode_dma.o
                0x0800e8c4                JPEG_InputHandler
 .text.HAL_JPEG_InfoReadyCallback
                0x0800e9d0       0x16 ./Example/User/CM7/decode_dma.o
                0x0800e9d0                HAL_JPEG_InfoReadyCallback
 *fill*         0x0800e9e6        0x2 
 .text.HAL_JPEG_GetDataCallback
                0x0800e9e8      0x10c ./Example/User/CM7/decode_dma.o
                0x0800e9e8                HAL_JPEG_GetDataCallback
 .text.HAL_JPEG_DataReadyCallback
                0x0800eaf4       0x34 ./Example/User/CM7/decode_dma.o
                0x0800eaf4                HAL_JPEG_DataReadyCallback
 .text.HAL_JPEG_ErrorCallback
                0x0800eb28       0x14 ./Example/User/CM7/decode_dma.o
                0x0800eb28                HAL_JPEG_ErrorCallback
 .text.HAL_JPEG_DecodeCpltCallback
                0x0800eb3c       0x20 ./Example/User/CM7/decode_dma.o
                0x0800eb3c                HAL_JPEG_DecodeCpltCallback
 .text.ResetMazeState
                0x0800eb5c      0x154 ./Example/User/CM7/main.o
 .text.OpenAndDisplayJpeg
                0x0800ecb0      0x38c ./Example/User/CM7/main.o
 .text.DisplayMazeArray
                0x0800f03c      0x230 ./Example/User/CM7/main.o
 .text.DisplayMazeWithPath
                0x0800f26c      0x23c ./Example/User/CM7/main.o
 .text.DisplayOriginalWithPath
                0x0800f4a8      0x154 ./Example/User/CM7/main.o
 .text.DisplayColorMenu
                0x0800f5fc      0x360 ./Example/User/CM7/main.o
 .text.ScanJpegFiles
                0x0800f95c       0xd4 ./Example/User/CM7/main.o
 .text.DisplayFileMenu
                0x0800fa30      0x398 ./Example/User/CM7/main.o
 .text.ExtractMazeArray
                0x0800fdc8      0x1a8 ./Example/User/CM7/main.o
 .text.setVisited
                0x0800ff70       0x58 ./Example/User/CM7/main.o
 .text.isVisited
                0x0800ffc8       0x48 ./Example/User/CM7/main.o
 .text.enqueue  0x08010010       0x7c ./Example/User/CM7/main.o
 .text.dequeue  0x0801008c       0x7c ./Example/User/CM7/main.o
 .text.isQueueEmpty
                0x08010108       0x2c ./Example/User/CM7/main.o
 .text.findPathBFS
                0x08010134      0x184 ./Example/User/CM7/main.o
 .text.drawPathOnOriginal
                0x080102b8      0x948 ./Example/User/CM7/main.o
 .text.solveMaze
                0x08010c00      0xaf8 ./Example/User/CM7/main.o
 .text.ReadJoystick
                0x080116f8       0xb4 ./Example/User/CM7/main.o
 .text.MX_JOYSTICK_GPIO_Init
                0x080117ac       0x5c ./Example/User/CM7/main.o
 .text.main     0x08011808      0x488 ./Example/User/CM7/main.o
                0x08011808                main
 .text.SystemClock_Config
                0x08011c90      0x128 ./Example/User/CM7/main.o
 .text.MPU_Config
                0x08011db8       0x82 ./Example/User/CM7/main.o
 *fill*         0x08011e3a        0x2 
 .text.CPU_CACHE_Enable
                0x08011e3c       0xdc ./Example/User/CM7/main.o
 .text.DMA2D_CopyBuffer
                0x08011f18      0x134 ./Example/User/CM7/main.o
 .text.SD_Initialize
                0x0801204c        0xe ./Example/User/CM7/main.o
 .text.Error_Handler
                0x0801205a        0xe ./Example/User/CM7/main.o
                0x0801205a                Error_Handler
 .text.SD_CheckStatus
                0x08012068       0x40 ./Example/User/CM7/sd_diskio.o
 .text.SD_initialize
                0x080120a8       0x1c ./Example/User/CM7/sd_diskio.o
                0x080120a8                SD_initialize
 .text.SD_status
                0x080120c4       0x1c ./Example/User/CM7/sd_diskio.o
                0x080120c4                SD_status
 .text.SD_read  0x080120e0       0x42 ./Example/User/CM7/sd_diskio.o
                0x080120e0                SD_read
 .text.SD_write
                0x08012122       0x42 ./Example/User/CM7/sd_diskio.o
                0x08012122                SD_write
 .text.SD_ioctl
                0x08012164       0xb4 ./Example/User/CM7/sd_diskio.o
                0x08012164                SD_ioctl
 .text.HAL_JPEG_MspInit
                0x08012218      0x170 ./Example/User/CM7/stm32h7xx_hal_msp.o
                0x08012218                HAL_JPEG_MspInit
 .text.HAL_JPEG_MspDeInit
                0x08012388       0x2a ./Example/User/CM7/stm32h7xx_hal_msp.o
                0x08012388                HAL_JPEG_MspDeInit
 .text.NMI_Handler
                0x080123b2        0xe ./Example/User/CM7/stm32h7xx_it.o
                0x080123b2                NMI_Handler
 .text.HardFault_Handler
                0x080123c0        0x8 ./Example/User/CM7/stm32h7xx_it.o
                0x080123c0                HardFault_Handler
 .text.MemManage_Handler
                0x080123c8        0x8 ./Example/User/CM7/stm32h7xx_it.o
                0x080123c8                MemManage_Handler
 .text.BusFault_Handler
                0x080123d0        0x8 ./Example/User/CM7/stm32h7xx_it.o
                0x080123d0                BusFault_Handler
 .text.UsageFault_Handler
                0x080123d8        0x8 ./Example/User/CM7/stm32h7xx_it.o
                0x080123d8                UsageFault_Handler
 .text.SVC_Handler
                0x080123e0        0xe ./Example/User/CM7/stm32h7xx_it.o
                0x080123e0                SVC_Handler
 .text.DebugMon_Handler
                0x080123ee        0xe ./Example/User/CM7/stm32h7xx_it.o
                0x080123ee                DebugMon_Handler
 .text.PendSV_Handler
                0x080123fc        0xe ./Example/User/CM7/stm32h7xx_it.o
                0x080123fc                PendSV_Handler
 .text.SysTick_Handler
                0x0801240a        0xc ./Example/User/CM7/stm32h7xx_it.o
                0x0801240a                SysTick_Handler
 *fill*         0x08012416        0x2 
 .text.JPEG_IRQHandler
                0x08012418       0x14 ./Example/User/CM7/stm32h7xx_it.o
                0x08012418                JPEG_IRQHandler
 .text.MDMA_IRQHandler
                0x0801242c       0x20 ./Example/User/CM7/stm32h7xx_it.o
                0x0801242c                MDMA_IRQHandler
 .text._sbrk    0x0801244c       0x6c ./Example/User/CM7/sysmem.o
                0x0801244c                _sbrk
 .text.Reset_Handler
                0x080124b8       0x54 ./Example/User/Startup/startup_stm32h747xihx.o
                0x080124b8                Reset_Handler
 .text.Default_Handler
                0x0801250c        0x2 ./Example/User/Startup/startup_stm32h747xihx.o
                0x0801250c                RTC_Alarm_IRQHandler
                0x0801250c                EXTI2_IRQHandler
                0x0801250c                TIM8_CC_IRQHandler
                0x0801250c                HRTIM1_Master_IRQHandler
                0x0801250c                UART8_IRQHandler
                0x0801250c                SPI4_IRQHandler
                0x0801250c                TIM1_CC_IRQHandler
                0x0801250c                BDMA_Channel6_IRQHandler
                0x0801250c                DMA2_Stream5_IRQHandler
                0x0801250c                HRTIM1_FLT_IRQHandler
                0x0801250c                DMA1_Stream5_IRQHandler
                0x0801250c                BDMA_Channel1_IRQHandler
                0x0801250c                HRTIM1_TIMD_IRQHandler
                0x0801250c                TAMP_STAMP_IRQHandler
                0x0801250c                EXTI3_IRQHandler
                0x0801250c                LPTIM4_IRQHandler
                0x0801250c                TIM8_TRG_COM_TIM14_IRQHandler
                0x0801250c                LPTIM2_IRQHandler
                0x0801250c                DFSDM1_FLT1_IRQHandler
                0x0801250c                DMAMUX2_OVR_IRQHandler
                0x0801250c                TIM8_UP_TIM13_IRQHandler
                0x0801250c                I2C3_ER_IRQHandler
                0x0801250c                DFSDM1_FLT2_IRQHandler
                0x0801250c                LPTIM3_IRQHandler
                0x0801250c                HSEM1_IRQHandler
                0x0801250c                EXTI0_IRQHandler
                0x0801250c                I2C2_EV_IRQHandler
                0x0801250c                DMA1_Stream2_IRQHandler
                0x0801250c                FPU_IRQHandler
                0x0801250c                OTG_HS_WKUP_IRQHandler
                0x0801250c                FDCAN1_IT1_IRQHandler
                0x0801250c                LTDC_ER_IRQHandler
                0x0801250c                DMA2_Stream2_IRQHandler
                0x0801250c                HRTIM1_TIME_IRQHandler
                0x0801250c                SPI1_IRQHandler
                0x0801250c                TIM6_DAC_IRQHandler
                0x0801250c                DCMI_IRQHandler
                0x0801250c                HRTIM1_TIMC_IRQHandler
                0x0801250c                DMA2_Stream3_IRQHandler
                0x0801250c                SAI2_IRQHandler
                0x0801250c                DFSDM1_FLT3_IRQHandler
                0x0801250c                USART6_IRQHandler
                0x0801250c                TIM17_IRQHandler
                0x0801250c                USART3_IRQHandler
                0x0801250c                BDMA_Channel7_IRQHandler
                0x0801250c                LPTIM5_IRQHandler
                0x0801250c                UART5_IRQHandler
                0x0801250c                ADC3_IRQHandler
                0x0801250c                DMA2_Stream0_IRQHandler
                0x0801250c                TIM4_IRQHandler
                0x0801250c                BDMA_Channel2_IRQHandler
                0x0801250c                QUADSPI_IRQHandler
                0x0801250c                I2C1_EV_IRQHandler
                0x0801250c                DMA1_Stream6_IRQHandler
                0x0801250c                DMAMUX1_OVR_IRQHandler
                0x0801250c                DMA1_Stream1_IRQHandler
                0x0801250c                TIM16_IRQHandler
                0x0801250c                UART4_IRQHandler
                0x0801250c                BDMA_Channel5_IRQHandler
                0x0801250c                TIM3_IRQHandler
                0x0801250c                RCC_IRQHandler
                0x0801250c                TIM8_BRK_TIM12_IRQHandler
                0x0801250c                TIM1_TRG_COM_IRQHandler
                0x0801250c                Default_Handler
                0x0801250c                ECC_IRQHandler
                0x0801250c                CEC_IRQHandler
                0x0801250c                EXTI15_10_IRQHandler
                0x0801250c                BDMA_Channel0_IRQHandler
                0x0801250c                ADC_IRQHandler
                0x0801250c                DMA1_Stream7_IRQHandler
                0x0801250c                HRTIM1_TIMA_IRQHandler
                0x0801250c                SPI5_IRQHandler
                0x0801250c                TIM7_IRQHandler
                0x0801250c                SDMMC1_IRQHandler
                0x0801250c                TIM5_IRQHandler
                0x0801250c                DMA2_Stream7_IRQHandler
                0x0801250c                TIM15_IRQHandler
                0x0801250c                PVD_AVD_IRQHandler
                0x0801250c                I2C3_EV_IRQHandler
                0x0801250c                EXTI9_5_IRQHandler
                0x0801250c                RTC_WKUP_IRQHandler
                0x0801250c                LTDC_IRQHandler
                0x0801250c                SAI3_IRQHandler
                0x0801250c                ETH_WKUP_IRQHandler
                0x0801250c                SPDIF_RX_IRQHandler
                0x0801250c                SPI2_IRQHandler
                0x0801250c                OTG_HS_EP1_IN_IRQHandler
                0x0801250c                DMA1_Stream0_IRQHandler
                0x0801250c                CRS_IRQHandler
                0x0801250c                CM7_SEV_IRQHandler
                0x0801250c                EXTI4_IRQHandler
                0x0801250c                RNG_IRQHandler
                0x0801250c                CM4_SEV_IRQHandler
                0x0801250c                HRTIM1_TIMB_IRQHandler
                0x0801250c                FDCAN2_IT1_IRQHandler
                0x0801250c                DSI_IRQHandler
                0x0801250c                ETH_IRQHandler
                0x0801250c                TIM1_UP_IRQHandler
                0x0801250c                WWDG_RST_IRQHandler
                0x0801250c                BDMA_Channel4_IRQHandler
                0x0801250c                OTG_HS_EP1_OUT_IRQHandler
                0x0801250c                WWDG_IRQHandler
                0x0801250c                SPI6_IRQHandler
                0x0801250c                MDIOS_IRQHandler
                0x0801250c                I2C4_EV_IRQHandler
                0x0801250c                FDCAN2_IT0_IRQHandler
                0x0801250c                LPUART1_IRQHandler
                0x0801250c                FDCAN1_IT0_IRQHandler
                0x0801250c                TIM2_IRQHandler
                0x0801250c                OTG_FS_WKUP_IRQHandler
                0x0801250c                OTG_HS_IRQHandler
                0x0801250c                HSEM2_IRQHandler
                0x0801250c                DMA2D_IRQHandler
                0x0801250c                TIM1_BRK_IRQHandler
                0x0801250c                EXTI1_IRQHandler
                0x0801250c                SDMMC2_IRQHandler
                0x0801250c                OTG_FS_EP1_OUT_IRQHandler
                0x0801250c                BDMA_Channel3_IRQHandler
                0x0801250c                HOLD_CORE_IRQHandler
                0x0801250c                UART7_IRQHandler
                0x0801250c                MDIOS_WKUP_IRQHandler
                0x0801250c                USART2_IRQHandler
                0x0801250c                DFSDM1_FLT0_IRQHandler
                0x0801250c                SAI4_IRQHandler
                0x0801250c                I2C2_ER_IRQHandler
                0x0801250c                DMA2_Stream1_IRQHandler
                0x0801250c                FLASH_IRQHandler
                0x0801250c                DMA2_Stream4_IRQHandler
                0x0801250c                USART1_IRQHandler
                0x0801250c                OTG_FS_IRQHandler
                0x0801250c                SPI3_IRQHandler
                0x0801250c                WAKEUP_PIN_IRQHandler
                0x0801250c                DMA1_Stream4_IRQHandler
                0x0801250c                OTG_FS_EP1_IN_IRQHandler
                0x0801250c                I2C1_ER_IRQHandler
                0x0801250c                FMC_IRQHandler
                0x0801250c                FDCAN_CAL_IRQHandler
                0x0801250c                SWPMI1_IRQHandler
                0x0801250c                COMP1_IRQHandler
                0x0801250c                LPTIM1_IRQHandler
                0x0801250c                I2C4_ER_IRQHandler
                0x0801250c                DMA2_Stream6_IRQHandler
                0x0801250c                SAI1_IRQHandler
                0x0801250c                DMA1_Stream3_IRQHandler
 *fill*         0x0801250e        0x2 
 .text.disk_status
                0x08012510       0x34 ./Middlewares/FatFs/Core/diskio.o
                0x08012510                disk_status
 .text.disk_initialize
                0x08012544       0x50 ./Middlewares/FatFs/Core/diskio.o
                0x08012544                disk_initialize
 .text.disk_read
                0x08012594       0x40 ./Middlewares/FatFs/Core/diskio.o
                0x08012594                disk_read
 .text.disk_write
                0x080125d4       0x40 ./Middlewares/FatFs/Core/diskio.o
                0x080125d4                disk_write
 .text.disk_ioctl
                0x08012614       0x3c ./Middlewares/FatFs/Core/diskio.o
                0x08012614                disk_ioctl
 .text.get_fattime
                0x08012650       0x10 ./Middlewares/FatFs/Core/diskio.o
                0x08012650                get_fattime
 .text.ld_word  0x08012660       0x32 ./Middlewares/FatFs/Core/ff.o
 .text.ld_dword
                0x08012692       0x46 ./Middlewares/FatFs/Core/ff.o
 .text.st_word  0x080126d8       0x36 ./Middlewares/FatFs/Core/ff.o
 .text.st_dword
                0x0801270e       0x58 ./Middlewares/FatFs/Core/ff.o
 .text.mem_cpy  0x08012766       0x42 ./Middlewares/FatFs/Core/ff.o
 .text.mem_set  0x080127a8       0x36 ./Middlewares/FatFs/Core/ff.o
 .text.mem_cmp  0x080127de       0x4e ./Middlewares/FatFs/Core/ff.o
 .text.chk_chr  0x0801282c       0x36 ./Middlewares/FatFs/Core/ff.o
 *fill*         0x08012862        0x2 
 .text.chk_lock
                0x08012864       0xb8 ./Middlewares/FatFs/Core/ff.o
 .text.enq_lock
                0x0801291c       0x44 ./Middlewares/FatFs/Core/ff.o
 .text.inc_lock
                0x08012960      0x11c ./Middlewares/FatFs/Core/ff.o
 .text.dec_lock
                0x08012a7c       0x78 ./Middlewares/FatFs/Core/ff.o
 .text.clear_lock
                0x08012af4       0x48 ./Middlewares/FatFs/Core/ff.o
 .text.sync_window
                0x08012b3c       0x88 ./Middlewares/FatFs/Core/ff.o
 .text.move_window
                0x08012bc4       0x5a ./Middlewares/FatFs/Core/ff.o
 *fill*         0x08012c1e        0x2 
 .text.sync_fs  0x08012c20       0xdc ./Middlewares/FatFs/Core/ff.o
 .text.clust2sect
                0x08012cfc       0x3e ./Middlewares/FatFs/Core/ff.o
 .text.get_fat  0x08012d3a      0x14e ./Middlewares/FatFs/Core/ff.o
 .text.put_fat  0x08012e88      0x1d4 ./Middlewares/FatFs/Core/ff.o
 .text.remove_chain
                0x0801305c       0xca ./Middlewares/FatFs/Core/ff.o
 .text.create_chain
                0x08013126      0x130 ./Middlewares/FatFs/Core/ff.o
 .text.clmt_clust
                0x08013256       0x68 ./Middlewares/FatFs/Core/ff.o
 .text.dir_sdi  0x080132be       0xf6 ./Middlewares/FatFs/Core/ff.o
 .text.dir_next
                0x080133b4      0x18a ./Middlewares/FatFs/Core/ff.o
 .text.dir_alloc
                0x0801353e       0x8e ./Middlewares/FatFs/Core/ff.o
 .text.ld_clust
                0x080135cc       0x3e ./Middlewares/FatFs/Core/ff.o
 .text.st_clust
                0x0801360a       0x40 ./Middlewares/FatFs/Core/ff.o
 *fill*         0x0801364a        0x2 
 .text.cmp_lfn  0x0801364c       0xe0 ./Middlewares/FatFs/Core/ff.o
 .text.pick_lfn
                0x0801372c       0xc8 ./Middlewares/FatFs/Core/ff.o
 .text.put_lfn  0x080137f4       0xd0 ./Middlewares/FatFs/Core/ff.o
 .text.gen_numname
                0x080138c4      0x11c ./Middlewares/FatFs/Core/ff.o
 .text.sum_sfn  0x080139e0       0x42 ./Middlewares/FatFs/Core/ff.o
 .text.dir_read
                0x08013a22      0x14e ./Middlewares/FatFs/Core/ff.o
 .text.dir_find
                0x08013b70      0x180 ./Middlewares/FatFs/Core/ff.o
 .text.dir_register
                0x08013cf0      0x1f0 ./Middlewares/FatFs/Core/ff.o
 .text.get_fileinfo
                0x08013ee0      0x1bc ./Middlewares/FatFs/Core/ff.o
 .text.create_name
                0x0801409c      0x370 ./Middlewares/FatFs/Core/ff.o
 .text.follow_path
                0x0801440c       0xe2 ./Middlewares/FatFs/Core/ff.o
 .text.get_ldnumber
                0x080144ee       0x88 ./Middlewares/FatFs/Core/ff.o
 *fill*         0x08014576        0x2 
 .text.check_fs
                0x08014578       0xac ./Middlewares/FatFs/Core/ff.o
 .text.find_volume
                0x08014624      0x498 ./Middlewares/FatFs/Core/ff.o
 .text.validate
                0x08014abc       0x6a ./Middlewares/FatFs/Core/ff.o
 *fill*         0x08014b26        0x2 
 .text.f_mount  0x08014b28       0x8c ./Middlewares/FatFs/Core/ff.o
                0x08014b28                f_mount
 .text.f_open   0x08014bb4      0x394 ./Middlewares/FatFs/Core/ff.o
                0x08014bb4                f_open
 .text.f_read   0x08014f48      0x27e ./Middlewares/FatFs/Core/ff.o
                0x08014f48                f_read
 .text.f_sync   0x080151c6       0xfc ./Middlewares/FatFs/Core/ff.o
                0x080151c6                f_sync
 .text.f_close  0x080152c2       0x54 ./Middlewares/FatFs/Core/ff.o
                0x080152c2                f_close
 .text.f_opendir
                0x08015316      0x106 ./Middlewares/FatFs/Core/ff.o
                0x08015316                f_opendir
 .text.f_closedir
                0x0801541c       0x4c ./Middlewares/FatFs/Core/ff.o
                0x0801541c                f_closedir
 .text.f_readdir
                0x08015468       0x9a ./Middlewares/FatFs/Core/ff.o
                0x08015468                f_readdir
 *fill*         0x08015502        0x2 
 .text.FATFS_LinkDriverEx
                0x08015504       0x98 ./Middlewares/FatFs/Core/ff_gen_drv.o
                0x08015504                FATFS_LinkDriverEx
 .text.FATFS_LinkDriver
                0x0801559c       0x1e ./Middlewares/FatFs/Core/ff_gen_drv.o
                0x0801559c                FATFS_LinkDriver
 .text.ff_memalloc
                0x080155ba       0x18 ./Middlewares/FatFs/Options/syscall.o
                0x080155ba                ff_memalloc
 .text.ff_memfree
                0x080155d2       0x16 ./Middlewares/FatFs/Options/syscall.o
                0x080155d2                ff_memfree
 .text.ff_convert
                0x080155e8       0x78 ./Middlewares/FatFs/Options/unicode.o
                0x080155e8                ff_convert
 .text.ff_wtoupper
                0x08015660      0x114 ./Middlewares/FatFs/Options/unicode.o
                0x08015660                ff_wtoupper
 .text.UTIL_LCD_SetFuncDriver
                0x08015774       0xac ./Utilities/stm32_lcd.o
                0x08015774                UTIL_LCD_SetFuncDriver
 .text.UTIL_LCD_SetLayer
                0x08015820       0x3c ./Utilities/stm32_lcd.o
                0x08015820                UTIL_LCD_SetLayer
 .text.UTIL_LCD_SetTextColor
                0x0801585c       0x28 ./Utilities/stm32_lcd.o
                0x0801585c                UTIL_LCD_SetTextColor
 .text.UTIL_LCD_SetBackColor
                0x08015884       0x28 ./Utilities/stm32_lcd.o
                0x08015884                UTIL_LCD_SetBackColor
 .text.UTIL_LCD_SetFont
                0x080158ac       0x28 ./Utilities/stm32_lcd.o
                0x080158ac                UTIL_LCD_SetFont
 .text.UTIL_LCD_GetFont
                0x080158d4       0x20 ./Utilities/stm32_lcd.o
                0x080158d4                UTIL_LCD_GetFont
 .text.UTIL_LCD_FillRGBRect
                0x080158f4       0x38 ./Utilities/stm32_lcd.o
                0x080158f4                UTIL_LCD_FillRGBRect
 .text.UTIL_LCD_DrawHLine
                0x0801592c       0x6c ./Utilities/stm32_lcd.o
                0x0801592c                UTIL_LCD_DrawHLine
 .text.UTIL_LCD_Clear
                0x08015998       0x2c ./Utilities/stm32_lcd.o
                0x08015998                UTIL_LCD_Clear
 .text.UTIL_LCD_DisplayChar
                0x080159c4       0x6c ./Utilities/stm32_lcd.o
                0x080159c4                UTIL_LCD_DisplayChar
 .text.UTIL_LCD_DisplayStringAt
                0x08015a30      0x15c ./Utilities/stm32_lcd.o
                0x08015a30                UTIL_LCD_DisplayStringAt
 .text.UTIL_LCD_FillRect
                0x08015b8c       0x74 ./Utilities/stm32_lcd.o
                0x08015b8c                UTIL_LCD_FillRect
 .text.DrawChar
                0x08015c00      0x2b4 ./Utilities/stm32_lcd.o
 .text.malloc   0x08015eb4       0x10 C:/ST/STM32CubeIDE_1.19.0/STM32CubeIDE/plugins/com.st.stm32cube.ide.mcu.externaltools.gnu-tools-for-stm32.13.3.rel1.win32_1.0.0.202411081344/tools/bin/../lib/gcc/arm-none-eabi/13.3.1/../../../../arm-none-eabi/lib/thumb/v7e-m+dp/hard\libc_nano.a(libc_a-malloc.o)
                0x08015eb4                malloc
 .text.free     0x08015ec4       0x10 C:/ST/STM32CubeIDE_1.19.0/STM32CubeIDE/plugins/com.st.stm32cube.ide.mcu.externaltools.gnu-tools-for-stm32.13.3.rel1.win32_1.0.0.202411081344/tools/bin/../lib/gcc/arm-none-eabi/13.3.1/../../../../arm-none-eabi/lib/thumb/v7e-m+dp/hard\libc_nano.a(libc_a-malloc.o)
                0x08015ec4                free
 .text.sbrk_aligned
                0x08015ed4       0x44 C:/ST/STM32CubeIDE_1.19.0/STM32CubeIDE/plugins/com.st.stm32cube.ide.mcu.externaltools.gnu-tools-for-stm32.13.3.rel1.win32_1.0.0.202411081344/tools/bin/../lib/gcc/arm-none-eabi/13.3.1/../../../../arm-none-eabi/lib/thumb/v7e-m+dp/hard\libc_nano.a(libc_a-mallocr.o)
 .text._malloc_r
                0x08015f18      0x100 C:/ST/STM32CubeIDE_1.19.0/STM32CubeIDE/plugins/com.st.stm32cube.ide.mcu.externaltools.gnu-tools-for-stm32.13.3.rel1.win32_1.0.0.202411081344/tools/bin/../lib/gcc/arm-none-eabi/13.3.1/../../../../arm-none-eabi/lib/thumb/v7e-m+dp/hard\libc_nano.a(libc_a-mallocr.o)
                0x08015f18                _malloc_r
 .text.__malloc_lock
                0x08016018        0xc C:/ST/STM32CubeIDE_1.19.0/STM32CubeIDE/plugins/com.st.stm32cube.ide.mcu.externaltools.gnu-tools-for-stm32.13.3.rel1.win32_1.0.0.202411081344/tools/bin/../lib/gcc/arm-none-eabi/13.3.1/../../../../arm-none-eabi/lib/thumb/v7e-m+dp/hard\libc_nano.a(libc_a-mlock.o)
                0x08016018                __malloc_lock
 .text.__malloc_unlock
                0x08016024        0xc C:/ST/STM32CubeIDE_1.19.0/STM32CubeIDE/plugins/com.st.stm32cube.ide.mcu.externaltools.gnu-tools-for-stm32.13.3.rel1.win32_1.0.0.202411081344/tools/bin/../lib/gcc/arm-none-eabi/13.3.1/../../../../arm-none-eabi/lib/thumb/v7e-m+dp/hard\libc_nano.a(libc_a-mlock.o)
                0x08016024                __malloc_unlock
 .text.sprintf  0x08016030       0x44 C:/ST/STM32CubeIDE_1.19.0/STM32CubeIDE/plugins/com.st.stm32cube.ide.mcu.externaltools.gnu-tools-for-stm32.13.3.rel1.win32_1.0.0.202411081344/tools/bin/../lib/gcc/arm-none-eabi/13.3.1/../../../../arm-none-eabi/lib/thumb/v7e-m+dp/hard\libc_nano.a(libc_a-sprintf.o)
                0x08016030                siprintf
                0x08016030                sprintf
 .text.memset   0x08016074       0x10 C:/ST/STM32CubeIDE_1.19.0/STM32CubeIDE/plugins/com.st.stm32cube.ide.mcu.externaltools.gnu-tools-for-stm32.13.3.rel1.win32_1.0.0.202411081344/tools/bin/../lib/gcc/arm-none-eabi/13.3.1/../../../../arm-none-eabi/lib/thumb/v7e-m+dp/hard\libc_nano.a(libc_a-memset.o)
                0x08016074                memset
 .text.strrchr  0x08016084       0x2c C:/ST/STM32CubeIDE_1.19.0/STM32CubeIDE/plugins/com.st.stm32cube.ide.mcu.externaltools.gnu-tools-for-stm32.13.3.rel1.win32_1.0.0.202411081344/tools/bin/../lib/gcc/arm-none-eabi/13.3.1/../../../../arm-none-eabi/lib/thumb/v7e-m+dp/hard\libc_nano.a(libc_a-strrchr.o)
                0x08016084                strrchr
 .text._sbrk_r  0x080160b0       0x20 C:/ST/STM32CubeIDE_1.19.0/STM32CubeIDE/plugins/com.st.stm32cube.ide.mcu.externaltools.gnu-tools-for-stm32.13.3.rel1.win32_1.0.0.202411081344/tools/bin/../lib/gcc/arm-none-eabi/13.3.1/../../../../arm-none-eabi/lib/thumb/v7e-m+dp/hard\libc_nano.a(libc_a-sbrkr.o)
                0x080160b0                _sbrk_r
 .text.__errno  0x080160d0        0xc C:/ST/STM32CubeIDE_1.19.0/STM32CubeIDE/plugins/com.st.stm32cube.ide.mcu.externaltools.gnu-tools-for-stm32.13.3.rel1.win32_1.0.0.202411081344/tools/bin/../lib/gcc/arm-none-eabi/13.3.1/../../../../arm-none-eabi/lib/thumb/v7e-m+dp/hard\libc_nano.a(libc_a-errno.o)
                0x080160d0                __errno
 .text.__libc_init_array
                0x080160dc       0x48 C:/ST/STM32CubeIDE_1.19.0/STM32CubeIDE/plugins/com.st.stm32cube.ide.mcu.externaltools.gnu-tools-for-stm32.13.3.rel1.win32_1.0.0.202411081344/tools/bin/../lib/gcc/arm-none-eabi/13.3.1/../../../../arm-none-eabi/lib/thumb/v7e-m+dp/hard\libc_nano.a(libc_a-init.o)
                0x080160dc                __libc_init_array
 .text.__retarget_lock_acquire_recursive
                0x08016124        0x2 C:/ST/STM32CubeIDE_1.19.0/STM32CubeIDE/plugins/com.st.stm32cube.ide.mcu.externaltools.gnu-tools-for-stm32.13.3.rel1.win32_1.0.0.202411081344/tools/bin/../lib/gcc/arm-none-eabi/13.3.1/../../../../arm-none-eabi/lib/thumb/v7e-m+dp/hard\libc_nano.a(libc_a-lock.o)
                0x08016124                __retarget_lock_acquire_recursive
 .text.__retarget_lock_release_recursive
                0x08016126        0x2 C:/ST/STM32CubeIDE_1.19.0/STM32CubeIDE/plugins/com.st.stm32cube.ide.mcu.externaltools.gnu-tools-for-stm32.13.3.rel1.win32_1.0.0.202411081344/tools/bin/../lib/gcc/arm-none-eabi/13.3.1/../../../../arm-none-eabi/lib/thumb/v7e-m+dp/hard\libc_nano.a(libc_a-lock.o)
                0x08016126                __retarget_lock_release_recursive
 .text.strcpy   0x08016128       0x10 C:/ST/STM32CubeIDE_1.19.0/STM32CubeIDE/plugins/com.st.stm32cube.ide.mcu.externaltools.gnu-tools-for-stm32.13.3.rel1.win32_1.0.0.202411081344/tools/bin/../lib/gcc/arm-none-eabi/13.3.1/../../../../arm-none-eabi/lib/thumb/v7e-m+dp/hard\libc_nano.a(libc_a-strcpy.o)
                0x08016128                strcpy
 .text._free_r  0x08016138       0x94 C:/ST/STM32CubeIDE_1.19.0/STM32CubeIDE/plugins/com.st.stm32cube.ide.mcu.externaltools.gnu-tools-for-stm32.13.3.rel1.win32_1.0.0.202411081344/tools/bin/../lib/gcc/arm-none-eabi/13.3.1/../../../../arm-none-eabi/lib/thumb/v7e-m+dp/hard\libc_nano.a(libc_a-freer.o)
                0x08016138                _free_r
 .text.__ssputs_r
                0x080161cc       0xb6 C:/ST/STM32CubeIDE_1.19.0/STM32CubeIDE/plugins/com.st.stm32cube.ide.mcu.externaltools.gnu-tools-for-stm32.13.3.rel1.win32_1.0.0.202411081344/tools/bin/../lib/gcc/arm-none-eabi/13.3.1/../../../../arm-none-eabi/lib/thumb/v7e-m+dp/hard\libc_nano.a(libc_a-nano-svfprintf.o)
                0x080161cc                __ssputs_r
 *fill*         0x08016282        0x2 
 .text._svfprintf_r
                0x08016284      0x1f8 C:/ST/STM32CubeIDE_1.19.0/STM32CubeIDE/plugins/com.st.stm32cube.ide.mcu.externaltools.gnu-tools-for-stm32.13.3.rel1.win32_1.0.0.202411081344/tools/bin/../lib/gcc/arm-none-eabi/13.3.1/../../../../arm-none-eabi/lib/thumb/v7e-m+dp/hard\libc_nano.a(libc_a-nano-svfprintf.o)
                0x08016284                _svfiprintf_r
                0x08016284                _svfprintf_r
 .text._printf_common
                0x0801647c       0xda C:/ST/STM32CubeIDE_1.19.0/STM32CubeIDE/plugins/com.st.stm32cube.ide.mcu.externaltools.gnu-tools-for-stm32.13.3.rel1.win32_1.0.0.202411081344/tools/bin/../lib/gcc/arm-none-eabi/13.3.1/../../../../arm-none-eabi/lib/thumb/v7e-m+dp/hard\libc_nano.a(libc_a-nano-vfprintf_i.o)
                0x0801647c                _printf_common
 *fill*         0x08016556        0x2 
 .text._printf_i
                0x08016558      0x23c C:/ST/STM32CubeIDE_1.19.0/STM32CubeIDE/plugins/com.st.stm32cube.ide.mcu.externaltools.gnu-tools-for-stm32.13.3.rel1.win32_1.0.0.202411081344/tools/bin/../lib/gcc/arm-none-eabi/13.3.1/../../../../arm-none-eabi/lib/thumb/v7e-m+dp/hard\libc_nano.a(libc_a-nano-vfprintf_i.o)
                0x08016558                _printf_i
 .text.memmove  0x08016794       0x34 C:/ST/STM32CubeIDE_1.19.0/STM32CubeIDE/plugins/com.st.stm32cube.ide.mcu.externaltools.gnu-tools-for-stm32.13.3.rel1.win32_1.0.0.202411081344/tools/bin/../lib/gcc/arm-none-eabi/13.3.1/../../../../arm-none-eabi/lib/thumb/v7e-m+dp/hard\libc_nano.a(libc_a-memmove.o)
                0x08016794                memmove
 .text.strchr   0x080167c8       0x1a C:/ST/STM32CubeIDE_1.19.0/STM32CubeIDE/plugins/com.st.stm32cube.ide.mcu.externaltools.gnu-tools-for-stm32.13.3.rel1.win32_1.0.0.202411081344/tools/bin/../lib/gcc/arm-none-eabi/13.3.1/../../../../arm-none-eabi/lib/thumb/v7e-m+dp/hard\libc_nano.a(libc_a-strchr.o)
                0x080167c8                strchr
 .text.memcpy   0x080167e2       0x1c C:/ST/STM32CubeIDE_1.19.0/STM32CubeIDE/plugins/com.st.stm32cube.ide.mcu.externaltools.gnu-tools-for-stm32.13.3.rel1.win32_1.0.0.202411081344/tools/bin/../lib/gcc/arm-none-eabi/13.3.1/../../../../arm-none-eabi/lib/thumb/v7e-m+dp/hard\libc_nano.a(libc_a-memcpy-stub.o)
                0x080167e2                memcpy
 .text._realloc_r
                0x080167fe       0x5c C:/ST/STM32CubeIDE_1.19.0/STM32CubeIDE/plugins/com.st.stm32cube.ide.mcu.externaltools.gnu-tools-for-stm32.13.3.rel1.win32_1.0.0.202411081344/tools/bin/../lib/gcc/arm-none-eabi/13.3.1/../../../../arm-none-eabi/lib/thumb/v7e-m+dp/hard\libc_nano.a(libc_a-reallocr.o)
                0x080167fe                _realloc_r
 .text._malloc_usable_size_r
                0x0801685a       0x10 C:/ST/STM32CubeIDE_1.19.0/STM32CubeIDE/plugins/com.st.stm32cube.ide.mcu.externaltools.gnu-tools-for-stm32.13.3.rel1.win32_1.0.0.202411081344/tools/bin/../lib/gcc/arm-none-eabi/13.3.1/../../../../arm-none-eabi/lib/thumb/v7e-m+dp/hard\libc_nano.a(libc_a-msizer.o)
                0x0801685a                _malloc_usable_size_r
 *(.glue_7)
 .glue_7        0x0801686a        0x0 linker stubs
 *(.glue_7t)
 .glue_7t       0x0801686a        0x0 linker stubs
 *(.eh_frame)
 *fill*         0x0801686a        0x2 
 .eh_frame      0x0801686c        0x0 C:/ST/STM32CubeIDE_1.19.0/STM32CubeIDE/plugins/com.st.stm32cube.ide.mcu.externaltools.gnu-tools-for-stm32.13.3.rel1.win32_1.0.0.202411081344/tools/bin/../lib/gcc/arm-none-eabi/13.3.1/thumb/v7e-m+dp/hard/crtbegin.o
 *(.init)
 .init          0x0801686c        0x4 C:/ST/STM32CubeIDE_1.19.0/STM32CubeIDE/plugins/com.st.stm32cube.ide.mcu.externaltools.gnu-tools-for-stm32.13.3.rel1.win32_1.0.0.202411081344/tools/bin/../lib/gcc/arm-none-eabi/13.3.1/thumb/v7e-m+dp/hard/crti.o
                0x0801686c                _init
 .init          0x08016870        0x8 C:/ST/STM32CubeIDE_1.19.0/STM32CubeIDE/plugins/com.st.stm32cube.ide.mcu.externaltools.gnu-tools-for-stm32.13.3.rel1.win32_1.0.0.202411081344/tools/bin/../lib/gcc/arm-none-eabi/13.3.1/thumb/v7e-m+dp/hard/crtn.o
 *(.fini)
 .fini          0x08016878        0x4 C:/ST/STM32CubeIDE_1.19.0/STM32CubeIDE/plugins/com.st.stm32cube.ide.mcu.externaltools.gnu-tools-for-stm32.13.3.rel1.win32_1.0.0.202411081344/tools/bin/../lib/gcc/arm-none-eabi/13.3.1/thumb/v7e-m+dp/hard/crti.o
                0x08016878                _fini
 .fini          0x0801687c        0x8 C:/ST/STM32CubeIDE_1.19.0/STM32CubeIDE/plugins/com.st.stm32cube.ide.mcu.externaltools.gnu-tools-for-stm32.13.3.rel1.win32_1.0.0.202411081344/tools/bin/../lib/gcc/arm-none-eabi/13.3.1/thumb/v7e-m+dp/hard/crtn.o
                0x08016884                        . = ALIGN (0x4)
                0x08016884                        _etext = .

.vfp11_veneer   0x08016884        0x0
 .vfp11_veneer  0x08016884        0x0 linker stubs

.v4_bx          0x08016884        0x0
 .v4_bx         0x08016884        0x0 linker stubs

.iplt           0x08016884        0x0
 .iplt          0x08016884        0x0 C:/ST/STM32CubeIDE_1.19.0/STM32CubeIDE/plugins/com.st.stm32cube.ide.mcu.externaltools.gnu-tools-for-stm32.13.3.rel1.win32_1.0.0.202411081344/tools/bin/../lib/gcc/arm-none-eabi/13.3.1/thumb/v7e-m+dp/hard/crtbegin.o

.rodata         0x08016884     0x2624
                0x08016884                        . = ALIGN (0x4)
 *(.rodata)
 .rodata        0x08016884      0x1c6 ./Example/User/CM7/main.o
 *fill*         0x08016a4a        0x2 
 .rodata        0x08016a4c       0x48 ./Middlewares/FatFs/Core/ff.o
 *(.rodata*)
 .rodata.nt35510_madctl_portrait
                0x08016a94        0x2 ./Drivers/BSP/Components/nt35510.o
 *fill*         0x08016a96        0x2 
 .rodata.nt35510_caset_portrait
                0x08016a98        0x5 ./Drivers/BSP/Components/nt35510.o
 *fill*         0x08016a9d        0x3 
 .rodata.nt35510_raset_portrait
                0x08016aa0        0x5 ./Drivers/BSP/Components/nt35510.o
 *fill*         0x08016aa5        0x3 
 .rodata.nt35510_madctl_landscape
                0x08016aa8        0x2 ./Drivers/BSP/Components/nt35510.o
 *fill*         0x08016aaa        0x2 
 .rodata.nt35510_caset_landscape
                0x08016aac        0x5 ./Drivers/BSP/Components/nt35510.o
 *fill*         0x08016ab1        0x3 
 .rodata.nt35510_raset_landscape
                0x08016ab4        0x5 ./Drivers/BSP/Components/nt35510.o
 *fill*         0x08016ab9        0x3 
 .rodata.nt35510_reg.32
                0x08016abc        0x5 ./Drivers/BSP/Components/nt35510.o
 *fill*         0x08016ac1        0x3 
 .rodata.nt35510_reg1.31
                0x08016ac4        0x3 ./Drivers/BSP/Components/nt35510.o
 *fill*         0x08016ac7        0x1 
 .rodata.nt35510_reg2.30
                0x08016ac8        0x3 ./Drivers/BSP/Components/nt35510.o
 *fill*         0x08016acb        0x1 
 .rodata.nt35510_reg3.29
                0x08016acc        0x3 ./Drivers/BSP/Components/nt35510.o
 *fill*         0x08016acf        0x1 
 .rodata.nt35510_reg4.28
                0x08016ad0        0x3 ./Drivers/BSP/Components/nt35510.o
 *fill*         0x08016ad3        0x1 
 .rodata.nt35510_reg5.27
                0x08016ad4        0x3 ./Drivers/BSP/Components/nt35510.o
 *fill*         0x08016ad7        0x1 
 .rodata.nt35510_reg6.26
                0x08016ad8        0x3 ./Drivers/BSP/Components/nt35510.o
 *fill*         0x08016adb        0x1 
 .rodata.nt35510_reg7.25
                0x08016adc        0x2 ./Drivers/BSP/Components/nt35510.o
 *fill*         0x08016ade        0x2 
 .rodata.nt35510_reg8.24
                0x08016ae0        0x3 ./Drivers/BSP/Components/nt35510.o
 *fill*         0x08016ae3        0x1 
 .rodata.nt35510_reg9.23
                0x08016ae4        0x3 ./Drivers/BSP/Components/nt35510.o
 *fill*         0x08016ae7        0x1 
 .rodata.nt35510_reg10.22
                0x08016ae8        0x3 ./Drivers/BSP/Components/nt35510.o
 *fill*         0x08016aeb        0x1 
 .rodata.nt35510_reg12.21
                0x08016aec        0x3 ./Drivers/BSP/Components/nt35510.o
 *fill*         0x08016aef        0x1 
 .rodata.nt35510_reg13.20
                0x08016af0        0x3 ./Drivers/BSP/Components/nt35510.o
 *fill*         0x08016af3        0x1 
 .rodata.nt35510_reg14.19
                0x08016af4        0x3 ./Drivers/BSP/Components/nt35510.o
 *fill*         0x08016af7        0x1 
 .rodata.nt35510_reg15.18
                0x08016af8        0x2 ./Drivers/BSP/Components/nt35510.o
 *fill*         0x08016afa        0x2 
 .rodata.nt35510_reg16.17
                0x08016afc        0x5 ./Drivers/BSP/Components/nt35510.o
 *fill*         0x08016b01        0x3 
 .rodata.nt35510_reg17.16
                0x08016b04        0x2 ./Drivers/BSP/Components/nt35510.o
 *fill*         0x08016b06        0x2 
 .rodata.nt35510_reg18.15
                0x08016b08        0x2 ./Drivers/BSP/Components/nt35510.o
 *fill*         0x08016b0a        0x2 
 .rodata.nt35510_reg19.14
                0x08016b0c        0x2 ./Drivers/BSP/Components/nt35510.o
 *fill*         0x08016b0e        0x2 
 .rodata.nt35510_reg20.13
                0x08016b10        0x2 ./Drivers/BSP/Components/nt35510.o
 *fill*         0x08016b12        0x2 
 .rodata.nt35510_reg21.12
                0x08016b14        0x4 ./Drivers/BSP/Components/nt35510.o
 .rodata.nt35510_reg22.11
                0x08016b18        0x3 ./Drivers/BSP/Components/nt35510.o
 *fill*         0x08016b1b        0x1 
 .rodata.nt35510_reg23.10
                0x08016b1c        0x3 ./Drivers/BSP/Components/nt35510.o
 *fill*         0x08016b1f        0x1 
 .rodata.nt35510_reg24.9
                0x08016b20        0x2 ./Drivers/BSP/Components/nt35510.o
 *fill*         0x08016b22        0x2 
 .rodata.nt35510_reg27.8
                0x08016b24        0x2 ./Drivers/BSP/Components/nt35510.o
 *fill*         0x08016b26        0x2 
 .rodata.nt35510_reg36.7
                0x08016b28        0x2 ./Drivers/BSP/Components/nt35510.o
 *fill*         0x08016b2a        0x2 
 .rodata.nt35510_reg37.6
                0x08016b2c        0x2 ./Drivers/BSP/Components/nt35510.o
 *fill*         0x08016b2e        0x2 
 .rodata.nt35510_reg31.5
                0x08016b30        0x2 ./Drivers/BSP/Components/nt35510.o
 *fill*         0x08016b32        0x2 
 .rodata.nt35510_reg32.4
                0x08016b34        0x2 ./Drivers/BSP/Components/nt35510.o
 *fill*         0x08016b36        0x2 
 .rodata.nt35510_reg33.3
                0x08016b38        0x2 ./Drivers/BSP/Components/nt35510.o
 *fill*         0x08016b3a        0x2 
 .rodata.nt35510_reg34.2
                0x08016b3c        0x2 ./Drivers/BSP/Components/nt35510.o
 *fill*         0x08016b3e        0x2 
 .rodata.nt35510_reg30.1
                0x08016b40        0x2 ./Drivers/BSP/Components/nt35510.o
 *fill*         0x08016b42        0x2 
 .rodata.nt35510_reg35.0
                0x08016b44        0x2 ./Drivers/BSP/Components/nt35510.o
 *fill*         0x08016b46        0x2 
 .rodata.LcdRegData27
                0x08016b48        0x4 ./Drivers/BSP/Components/otm8009a.o
 .rodata.LcdRegData28
                0x08016b4c        0x4 ./Drivers/BSP/Components/otm8009a.o
 .rodata.short_reg_data.25
                0x08016b50       0x33 ./Drivers/BSP/Components/otm8009a.o
 *fill*         0x08016b83        0x1 
 .rodata.lcd_reg_data1.24
                0x08016b84        0x3 ./Drivers/BSP/Components/otm8009a.o
 *fill*         0x08016b87        0x1 
 .rodata.lcd_reg_data2.23
                0x08016b88        0x2 ./Drivers/BSP/Components/otm8009a.o
 *fill*         0x08016b8a        0x2 
 .rodata.lcd_reg_data5.22
                0x08016b8c        0x2 ./Drivers/BSP/Components/otm8009a.o
 *fill*         0x08016b8e        0x2 
 .rodata.lcd_reg_data6.21
                0x08016b90        0x2 ./Drivers/BSP/Components/otm8009a.o
 *fill*         0x08016b92        0x2 
 .rodata.lcd_reg_data7.20
                0x08016b94        0x6 ./Drivers/BSP/Components/otm8009a.o
 *fill*         0x08016b9a        0x2 
 .rodata.lcd_reg_data8.19
                0x08016b9c        0xe ./Drivers/BSP/Components/otm8009a.o
 *fill*         0x08016baa        0x2 
 .rodata.lcd_reg_data9.18
                0x08016bac        0xe ./Drivers/BSP/Components/otm8009a.o
 *fill*         0x08016bba        0x2 
 .rodata.lcd_reg_data10.17
                0x08016bbc        0xa ./Drivers/BSP/Components/otm8009a.o
 *fill*         0x08016bc6        0x2 
 .rodata.lcd_reg_data11.16
                0x08016bc8        0xa ./Drivers/BSP/Components/otm8009a.o
 *fill*         0x08016bd2        0x2 
 .rodata.lcd_reg_data12.15
                0x08016bd4        0xf ./Drivers/BSP/Components/otm8009a.o
 *fill*         0x08016be3        0x1 
 .rodata.lcd_reg_data13.14
                0x08016be4        0xf ./Drivers/BSP/Components/otm8009a.o
 *fill*         0x08016bf3        0x1 
 .rodata.lcd_reg_data14.13
                0x08016bf4        0xa ./Drivers/BSP/Components/otm8009a.o
 *fill*         0x08016bfe        0x2 
 .rodata.lcd_reg_data15.12
                0x08016c00        0xf ./Drivers/BSP/Components/otm8009a.o
 *fill*         0x08016c0f        0x1 
 .rodata.lcd_reg_data16.11
                0x08016c10        0xf ./Drivers/BSP/Components/otm8009a.o
 *fill*         0x08016c1f        0x1 
 .rodata.lcd_reg_data17.10
                0x08016c20        0xa ./Drivers/BSP/Components/otm8009a.o
 *fill*         0x08016c2a        0x2 
 .rodata.lcd_reg_data18.9
                0x08016c2c        0xa ./Drivers/BSP/Components/otm8009a.o
 *fill*         0x08016c36        0x2 
 .rodata.lcd_reg_data19.8
                0x08016c38        0xa ./Drivers/BSP/Components/otm8009a.o