C:/Users/UchlinVV/STM32Cube/Repository/STM32Cube_FW_H7_V1.12.0/Projects/STM32H747I-DISCO/Examples/JPEG/JPEG_DecodingUsingFs_DMA/CM7/Src/main.c:127:13:ResetMazeState	24	static,ignoring_inline_asm
C:/Users/UchlinVV/STM32Cube/Repository/STM32Cube_FW_H7_V1.12.0/Projects/STM32H747I-DISCO/Examples/JPEG/JPEG_DecodingUsingFs_DMA/CM7/Src/main.c:155:13:OpenAndDisplayJpeg	1088	static,ignoring_inline_asm
C:/Users/UchlinVV/STM32Cube/Repository/STM32Cube_FW_H7_V1.12.0/Projects/STM32H747I-DISCO/Examples/JPEG/JPEG_DecodingUsingFs_DMA/CM7/Src/main.c:214:13:DisplayMazeArray	72	static,ignoring_inline_asm
C:/Users/UchlinVV/STM32Cube/Repository/STM32Cube_FW_H7_V1.12.0/Projects/STM32H747I-DISCO/Examples/JPEG/JPEG_DecodingUsingFs_DMA/CM7/Src/main.c:252:13:DisplayMazeWithPath	72	static,ignoring_inline_asm
C:/Users/UchlinVV/STM32Cube/Repository/STM32Cube_FW_H7_V1.12.0/Projects/STM32H747I-DISCO/Examples/JPEG/JPEG_DecodingUsingFs_DMA/CM7/Src/main.c:293:13:DisplayOriginalWithPath	64	static,ignoring_inline_asm
C:/Users/UchlinVV/STM32Cube/Repository/STM32Cube_FW_H7_V1.12.0/Projects/STM32H747I-DISCO/Examples/JPEG/JPEG_DecodingUsingFs_DMA/CM7/Src/main.c:314:13:DisplayColorMenu	112	static,ignoring_inline_asm
C:/Users/UchlinVV/STM32Cube/Repository/STM32Cube_FW_H7_V1.12.0/Projects/STM32H747I-DISCO/Examples/JPEG/JPEG_DecodingUsingFs_DMA/CM7/Src/main.c:380:13:ScanJpegFiles	352	static
C:/Users/UchlinVV/STM32Cube/Repository/STM32Cube_FW_H7_V1.12.0/Projects/STM32H747I-DISCO/Examples/JPEG/JPEG_DecodingUsingFs_DMA/CM7/Src/main.c:401:13:DisplayFileMenu	120	static,ignoring_inline_asm
C:/Users/UchlinVV/STM32Cube/Repository/STM32Cube_FW_H7_V1.12.0/Projects/STM32H747I-DISCO/Examples/JPEG/JPEG_DecodingUsingFs_DMA/CM7/Src/main.c:470:13:ExtractMazeArray	64	static
C:/Users/UchlinVV/STM32Cube/Repository/STM32Cube_FW_H7_V1.12.0/Projects/STM32H747I-DISCO/Examples/JPEG/JPEG_DecodingUsingFs_DMA/CM7/Src/main.c:521:13:setVisited	16	static
C:/Users/UchlinVV/STM32Cube/Repository/STM32Cube_FW_H7_V1.12.0/Projects/STM32H747I-DISCO/Examples/JPEG/JPEG_DecodingUsingFs_DMA/CM7/Src/main.c:526:16:isVisited	16	static
C:/Users/UchlinVV/STM32Cube/Repository/STM32Cube_FW_H7_V1.12.0/Projects/STM32H747I-DISCO/Examples/JPEG/JPEG_DecodingUsingFs_DMA/CM7/Src/main.c:531:13:enqueue	24	static
C:/Users/UchlinVV/STM32Cube/Repository/STM32Cube_FW_H7_V1.12.0/Projects/STM32H747I-DISCO/Examples/JPEG/JPEG_DecodingUsingFs_DMA/CM7/Src/main.c:541:16:dequeue	24	static
C:/Users/UchlinVV/STM32Cube/Repository/STM32Cube_FW_H7_V1.12.0/Projects/STM32H747I-DISCO/Examples/JPEG/JPEG_DecodingUsingFs_DMA/CM7/Src/main.c:552:15:isQueueEmpty	4	static
C:/Users/UchlinVV/STM32Cube/Repository/STM32Cube_FW_H7_V1.12.0/Projects/STM32H747I-DISCO/Examples/JPEG/JPEG_DecodingUsingFs_DMA/CM7/Src/main.c:557:13:findPathBFS	40	static
C:/Users/UchlinVV/STM32Cube/Repository/STM32Cube_FW_H7_V1.12.0/Projects/STM32H747I-DISCO/Examples/JPEG/JPEG_DecodingUsingFs_DMA/CM7/Src/main.c:585:13:drawPathOnOriginal	57736	static,ignoring_inline_asm
C:/Users/UchlinVV/STM32Cube/Repository/STM32Cube_FW_H7_V1.12.0/Projects/STM32H747I-DISCO/Examples/JPEG/JPEG_DecodingUsingFs_DMA/CM7/Src/main.c:655:13:solveMaze	1104	static,ignoring_inline_asm
C:/Users/UchlinVV/STM32Cube/Repository/STM32Cube_FW_H7_V1.12.0/Projects/STM32H747I-DISCO/Examples/JPEG/JPEG_DecodingUsingFs_DMA/CM7/Src/main.c:862:16:ReadJoystick	16	static
C:/Users/UchlinVV/STM32Cube/Repository/STM32Cube_FW_H7_V1.12.0/Projects/STM32H747I-DISCO/Examples/JPEG/JPEG_DecodingUsingFs_DMA/CM7/Src/main.c:896:13:MX_JOYSTICK_GPIO_Init	32	static
C:/Users/UchlinVV/STM32Cube/Repository/STM32Cube_FW_H7_V1.12.0/Projects/STM32H747I-DISCO/Examples/JPEG/JPEG_DecodingUsingFs_DMA/CM7/Src/main.c:908:5:main	64	static,ignoring_inline_asm
C:/Users/UchlinVV/STM32Cube/Repository/STM32Cube_FW_H7_V1.12.0/Projects/STM32H747I-DISCO/Examples/JPEG/JPEG_DecodingUsingFs_DMA/CM7/Src/main.c:1116:13:SystemClock_Config	128	static
C:/Users/UchlinVV/STM32Cube/Repository/STM32Cube_FW_H7_V1.12.0/Projects/STM32H747I-DISCO/Examples/JPEG/JPEG_DecodingUsingFs_DMA/CM7/Src/main.c:1195:13:MPU_Config	24	static
C:/Users/UchlinVV/STM32Cube/Repository/STM32Cube_FW_H7_V1.12.0/Projects/STM32H747I-DISCO/Examples/JPEG/JPEG_DecodingUsingFs_DMA/CM7/Src/main.c:1242:13:CPU_CACHE_Enable	24	static,ignoring_inline_asm
C:/Users/UchlinVV/STM32Cube/Repository/STM32Cube_FW_H7_V1.12.0/Projects/STM32H747I-DISCO/Examples/JPEG/JPEG_DecodingUsingFs_DMA/CM7/Src/main.c:1256:13:LCD_BriefDisplay	16	static
C:/Users/UchlinVV/STM32Cube/Repository/STM32Cube_FW_H7_V1.12.0/Projects/STM32H747I-DISCO/Examples/JPEG/JPEG_DecodingUsingFs_DMA/CM7/Src/main.c:1274:13:LCD_FileErrorDisplay	8	static
C:/Users/UchlinVV/STM32Cube/Repository/STM32Cube_FW_H7_V1.12.0/Projects/STM32H747I-DISCO/Examples/JPEG/JPEG_DecodingUsingFs_DMA/CM7/Src/main.c:1295:13:DMA2D_CopyBuffer	48	static
C:/Users/UchlinVV/STM32Cube/Repository/STM32Cube_FW_H7_V1.12.0/Projects/STM32H747I-DISCO/Examples/JPEG/JPEG_DecodingUsingFs_DMA/CM7/Src/main.c:1364:13:SD_Initialize	8	static
C:/Users/UchlinVV/STM32Cube/Repository/STM32Cube_FW_H7_V1.12.0/Projects/STM32H747I-DISCO/Examples/JPEG/JPEG_DecodingUsingFs_DMA/CM7/Src/main.c:1394:6:Error_Handler	8	static
