C:/Users/UchlinVV/STM32Cube/Repository/STM32Cube_FW_H7_V1.12.0/Projects/STM32H747I-DISCO/Examples/JPEG/JPEG_DecodingUsingFs_DMA/CM7/Src/main.c:127:13:ResetMazeState	3
C:/Users/UchlinVV/STM32Cube/Repository/STM32Cube_FW_H7_V1.12.0/Projects/STM32H747I-DISCO/Examples/JPEG/JPEG_DecodingUsingFs_DMA/CM7/Src/main.c:155:13:OpenAndDisplayJpeg	12
C:/Users/UchlinVV/STM32Cube/Repository/STM32Cube_FW_H7_V1.12.0/Projects/STM32H747I-DISCO/Examples/JPEG/JPEG_DecodingUsingFs_DMA/CM7/Src/main.c:214:13:DisplayMazeArray	11
C:/Users/UchlinVV/STM32Cube/Repository/STM32Cube_FW_H7_V1.12.0/Projects/STM32H747I-DISCO/Examples/JPEG/JPEG_DecodingUsingFs_DMA/CM7/Src/main.c:252:13:DisplayMazeWithPath	11
C:/Users/UchlinVV/STM32Cube/Repository/STM32Cube_FW_H7_V1.12.0/Projects/STM32H747I-DISCO/Examples/JPEG/JPEG_DecodingUsingFs_DMA/CM7/Src/main.c:293:13:DisplayOriginalWithPath	3
C:/Users/UchlinVV/STM32Cube/Repository/STM32Cube_FW_H7_V1.12.0/Projects/STM32H747I-DISCO/Examples/JPEG/JPEG_DecodingUsingFs_DMA/CM7/Src/main.c:314:13:DisplayColorMenu	14
C:/Users/UchlinVV/STM32Cube/Repository/STM32Cube_FW_H7_V1.12.0/Projects/STM32H747I-DISCO/Examples/JPEG/JPEG_DecodingUsingFs_DMA/CM7/Src/main.c:380:13:ScanJpegFiles	8
C:/Users/UchlinVV/STM32Cube/Repository/STM32Cube_FW_H7_V1.12.0/Projects/STM32H747I-DISCO/Examples/JPEG/JPEG_DecodingUsingFs_DMA/CM7/Src/main.c:401:13:DisplayFileMenu	15
C:/Users/UchlinVV/STM32Cube/Repository/STM32Cube_FW_H7_V1.12.0/Projects/STM32H747I-DISCO/Examples/JPEG/JPEG_DecodingUsingFs_DMA/CM7/Src/main.c:470:13:ExtractMazeArray	10
C:/Users/UchlinVV/STM32Cube/Repository/STM32Cube_FW_H7_V1.12.0/Projects/STM32H747I-DISCO/Examples/JPEG/JPEG_DecodingUsingFs_DMA/CM7/Src/main.c:521:13:setVisited	1
C:/Users/UchlinVV/STM32Cube/Repository/STM32Cube_FW_H7_V1.12.0/Projects/STM32H747I-DISCO/Examples/JPEG/JPEG_DecodingUsingFs_DMA/CM7/Src/main.c:526:16:isVisited	1
C:/Users/UchlinVV/STM32Cube/Repository/STM32Cube_FW_H7_V1.12.0/Projects/STM32H747I-DISCO/Examples/JPEG/JPEG_DecodingUsingFs_DMA/CM7/Src/main.c:531:13:enqueue	2
C:/Users/UchlinVV/STM32Cube/Repository/STM32Cube_FW_H7_V1.12.0/Projects/STM32H747I-DISCO/Examples/JPEG/JPEG_DecodingUsingFs_DMA/CM7/Src/main.c:541:16:dequeue	2
C:/Users/UchlinVV/STM32Cube/Repository/STM32Cube_FW_H7_V1.12.0/Projects/STM32H747I-DISCO/Examples/JPEG/JPEG_DecodingUsingFs_DMA/CM7/Src/main.c:552:15:isQueueEmpty	1
C:/Users/UchlinVV/STM32Cube/Repository/STM32Cube_FW_H7_V1.12.0/Projects/STM32H747I-DISCO/Examples/JPEG/JPEG_DecodingUsingFs_DMA/CM7/Src/main.c:557:13:findPathBFS	9
C:/Users/UchlinVV/STM32Cube/Repository/STM32Cube_FW_H7_V1.12.0/Projects/STM32H747I-DISCO/Examples/JPEG/JPEG_DecodingUsingFs_DMA/CM7/Src/main.c:585:13:drawPathOnOriginal	31
C:/Users/UchlinVV/STM32Cube/Repository/STM32Cube_FW_H7_V1.12.0/Projects/STM32H747I-DISCO/Examples/JPEG/JPEG_DecodingUsingFs_DMA/CM7/Src/main.c:655:13:solveMaze	70
C:/Users/UchlinVV/STM32Cube/Repository/STM32Cube_FW_H7_V1.12.0/Projects/STM32H747I-DISCO/Examples/JPEG/JPEG_DecodingUsingFs_DMA/CM7/Src/main.c:862:16:ReadJoystick	7
C:/Users/UchlinVV/STM32Cube/Repository/STM32Cube_FW_H7_V1.12.0/Projects/STM32H747I-DISCO/Examples/JPEG/JPEG_DecodingUsingFs_DMA/CM7/Src/main.c:896:13:MX_JOYSTICK_GPIO_Init	1
C:/Users/UchlinVV/STM32Cube/Repository/STM32Cube_FW_H7_V1.12.0/Projects/STM32H747I-DISCO/Examples/JPEG/JPEG_DecodingUsingFs_DMA/CM7/Src/main.c:908:5:main	31
C:/Users/UchlinVV/STM32Cube/Repository/STM32Cube_FW_H7_V1.12.0/Projects/STM32H747I-DISCO/Examples/JPEG/JPEG_DecodingUsingFs_DMA/CM7/Src/main.c:1116:13:SystemClock_Config	4
C:/Users/UchlinVV/STM32Cube/Repository/STM32Cube_FW_H7_V1.12.0/Projects/STM32H747I-DISCO/Examples/JPEG/JPEG_DecodingUsingFs_DMA/CM7/Src/main.c:1195:13:MPU_Config	1
C:/Users/UchlinVV/STM32Cube/Repository/STM32Cube_FW_H7_V1.12.0/Projects/STM32H747I-DISCO/Examples/JPEG/JPEG_DecodingUsingFs_DMA/CM7/Src/main.c:1242:13:CPU_CACHE_Enable	5
C:/Users/UchlinVV/STM32Cube/Repository/STM32Cube_FW_H7_V1.12.0/Projects/STM32H747I-DISCO/Examples/JPEG/JPEG_DecodingUsingFs_DMA/CM7/Src/main.c:1256:13:LCD_BriefDisplay	1
C:/Users/UchlinVV/STM32Cube/Repository/STM32Cube_FW_H7_V1.12.0/Projects/STM32H747I-DISCO/Examples/JPEG/JPEG_DecodingUsingFs_DMA/CM7/Src/main.c:1274:13:LCD_FileErrorDisplay	1
C:/Users/UchlinVV/STM32Cube/Repository/STM32Cube_FW_H7_V1.12.0/Projects/STM32H747I-DISCO/Examples/JPEG/JPEG_DecodingUsingFs_DMA/CM7/Src/main.c:1295:13:DMA2D_CopyBuffer	7
C:/Users/UchlinVV/STM32Cube/Repository/STM32Cube_FW_H7_V1.12.0/Projects/STM32H747I-DISCO/Examples/JPEG/JPEG_DecodingUsingFs_DMA/CM7/Src/main.c:1364:13:SD_Initialize	1
C:/Users/UchlinVV/STM32Cube/Repository/STM32Cube_FW_H7_V1.12.0/Projects/STM32H747I-DISCO/Examples/JPEG/JPEG_DecodingUsingFs_DMA/CM7/Src/main.c:1394:6:Error_Handler	1
